Archive member included to satisfy reference by file (symbol)

c:/program files (x86)/atollic/truestudio for stm32 9.3.0/armtools/bin/../lib/gcc/arm-atollic-eabi/6.3.1/../../../../arm-atollic-eabi/lib/armv7e-m/fpu\libc_nano.a(lib_a-errno.o)
                              Core\Src\syscalls.o (__errno)
c:/program files (x86)/atollic/truestudio for stm32 9.3.0/armtools/bin/../lib/gcc/arm-atollic-eabi/6.3.1/../../../../arm-atollic-eabi/lib/armv7e-m/fpu\libc_nano.a(lib_a-impure.o)
                              c:/program files (x86)/atollic/truestudio for stm32 9.3.0/armtools/bin/../lib/gcc/arm-atollic-eabi/6.3.1/../../../../arm-atollic-eabi/lib/armv7e-m/fpu\libc_nano.a(lib_a-errno.o) (_impure_ptr)
c:/program files (x86)/atollic/truestudio for stm32 9.3.0/armtools/bin/../lib/gcc/arm-atollic-eabi/6.3.1/../../../../arm-atollic-eabi/lib/armv7e-m/fpu\libc_nano.a(lib_a-init.o)
                              startup\startup_stm32f407xx.o (__libc_init_array)
c:/program files (x86)/atollic/truestudio for stm32 9.3.0/armtools/bin/../lib/gcc/arm-atollic-eabi/6.3.1/../../../../arm-atollic-eabi/lib/armv7e-m/fpu\libc_nano.a(lib_a-malloc.o)
                              Middlewares\ST\STM32_USB_Host_Library\Class\CDC\Src\usbh_cdc.o (malloc)
c:/program files (x86)/atollic/truestudio for stm32 9.3.0/armtools/bin/../lib/gcc/arm-atollic-eabi/6.3.1/../../../../arm-atollic-eabi/lib/armv7e-m/fpu\libc_nano.a(lib_a-memset.o)
                              Core\Src\main.o (memset)
c:/program files (x86)/atollic/truestudio for stm32 9.3.0/armtools/bin/../lib/gcc/arm-atollic-eabi/6.3.1/../../../../arm-atollic-eabi/lib/armv7e-m/fpu\libc_nano.a(lib_a-nano-freer.o)
                              c:/program files (x86)/atollic/truestudio for stm32 9.3.0/armtools/bin/../lib/gcc/arm-atollic-eabi/6.3.1/../../../../arm-atollic-eabi/lib/armv7e-m/fpu\libc_nano.a(lib_a-malloc.o) (_free_r)
c:/program files (x86)/atollic/truestudio for stm32 9.3.0/armtools/bin/../lib/gcc/arm-atollic-eabi/6.3.1/../../../../arm-atollic-eabi/lib/armv7e-m/fpu\libc_nano.a(lib_a-nano-mallocr.o)
                              c:/program files (x86)/atollic/truestudio for stm32 9.3.0/armtools/bin/../lib/gcc/arm-atollic-eabi/6.3.1/../../../../arm-atollic-eabi/lib/armv7e-m/fpu\libc_nano.a(lib_a-malloc.o) (_malloc_r)
c:/program files (x86)/atollic/truestudio for stm32 9.3.0/armtools/bin/../lib/gcc/arm-atollic-eabi/6.3.1/../../../../arm-atollic-eabi/lib/armv7e-m/fpu\libc_nano.a(lib_a-sbrkr.o)
                              c:/program files (x86)/atollic/truestudio for stm32 9.3.0/armtools/bin/../lib/gcc/arm-atollic-eabi/6.3.1/../../../../arm-atollic-eabi/lib/armv7e-m/fpu\libc_nano.a(lib_a-nano-mallocr.o) (_sbrk_r)
c:/program files (x86)/atollic/truestudio for stm32 9.3.0/armtools/bin/../lib/gcc/arm-atollic-eabi/6.3.1/../../../../arm-atollic-eabi/lib/armv7e-m/fpu\libc_nano.a(lib_a-mlock.o)
                              c:/program files (x86)/atollic/truestudio for stm32 9.3.0/armtools/bin/../lib/gcc/arm-atollic-eabi/6.3.1/../../../../arm-atollic-eabi/lib/armv7e-m/fpu\libc_nano.a(lib_a-nano-freer.o) (__malloc_lock)
c:/program files (x86)/atollic/truestudio for stm32 9.3.0/armtools/bin/../lib/gcc/arm-atollic-eabi/6.3.1/../../../../arm-atollic-eabi/lib/armv7e-m/fpu\libc_nano.a(lib_a-reent.o)
                              c:/program files (x86)/atollic/truestudio for stm32 9.3.0/armtools/bin/../lib/gcc/arm-atollic-eabi/6.3.1/../../../../arm-atollic-eabi/lib/armv7e-m/fpu\libc_nano.a(lib_a-sbrkr.o) (errno)
c:/program files (x86)/atollic/truestudio for stm32 9.3.0/armtools/bin/../lib/gcc/arm-atollic-eabi/6.3.1/armv7e-m/fpu\libgcc.a(_arm_muldivdf3.o)
                              Core\Src\main.o (__aeabi_dmul)
c:/program files (x86)/atollic/truestudio for stm32 9.3.0/armtools/bin/../lib/gcc/arm-atollic-eabi/6.3.1/armv7e-m/fpu\libgcc.a(_arm_cmpdf2.o)
                              Core\Src\main.o (__aeabi_dcmpeq)
c:/program files (x86)/atollic/truestudio for stm32 9.3.0/armtools/bin/../lib/gcc/arm-atollic-eabi/6.3.1/armv7e-m/fpu\libgcc.a(_arm_fixdfsi.o)
                              Core\Src\main.o (__aeabi_d2iz)
c:/program files (x86)/atollic/truestudio for stm32 9.3.0/armtools/bin/../lib/gcc/arm-atollic-eabi/6.3.1/armv7e-m/fpu\libgcc.a(_aeabi_uldivmod.o)
                              Drivers\STM32F4xx_HAL_Driver\Src\stm32f4xx_hal_rcc.o (__aeabi_uldivmod)
c:/program files (x86)/atollic/truestudio for stm32 9.3.0/armtools/bin/../lib/gcc/arm-atollic-eabi/6.3.1/armv7e-m/fpu\libgcc.a(_udivmoddi4.o)
                              c:/program files (x86)/atollic/truestudio for stm32 9.3.0/armtools/bin/../lib/gcc/arm-atollic-eabi/6.3.1/armv7e-m/fpu\libgcc.a(_aeabi_uldivmod.o) (__udivmoddi4)
c:/program files (x86)/atollic/truestudio for stm32 9.3.0/armtools/bin/../lib/gcc/arm-atollic-eabi/6.3.1/armv7e-m/fpu\libgcc.a(_dvmd_tls.o)
[...]
Memory Configuration

Name             Origin             Length             Attributes
RAM              0x20000000         0x00020000         xrw
CCMRAM           0x10000000         0x00010000         xrw
FLASH            0x08000000         0x00100000         xr
*default*        0x00000000         0xffffffff

Linker script and memory map

LOAD c:/program files (x86)/atollic/truestudio for stm32 9.3.0/armtools/bin/../lib/gcc/arm-atollic-eabi/6.3.1/armv7e-m/fpu/crti.o
LOAD c:/program files (x86)/atollic/truestudio for stm32 9.3.0/armtools/bin/../lib/gcc/arm-atollic-eabi/6.3.1/armv7e-m/fpu/crtbegin.o
LOAD Core\Src\gpio.o
LOAD Core\Src\i2c.o
LOAD Core\Src\i2s.o
LOAD Core\Src\main.o
LOAD Core\Src\spi.o
LOAD Core\Src\stm32f4xx_hal_msp.o
LOAD Core\Src\stm32f4xx_it.o
LOAD Core\Src\syscalls.o
LOAD Core\Src\system_stm32f4xx.o
LOAD Core\Src\tim.o
LOAD Core\Src\usart.o
LOAD Drivers\STM32F4xx_HAL_Driver\Src\stm32f4xx_hal.o
LOAD Drivers\STM32F4xx_HAL_Driver\Src\stm32f4xx_hal_cortex.o
LOAD Drivers\STM32F4xx_HAL_Driver\Src\stm32f4xx_hal_dma.o
LOAD Drivers\STM32F4xx_HAL_Driver\Src\stm32f4xx_hal_dma_ex.o
LOAD Drivers\STM32F4xx_HAL_Driver\Src\stm32f4xx_hal_exti.o
LOAD Drivers\STM32F4xx_HAL_Driver\Src\stm32f4xx_hal_flash.o
LOAD Drivers\STM32F4xx_HAL_Driver\Src\stm32f4xx_hal_flash_ex.o
LOAD Drivers\STM32F4xx_HAL_Driver\Src\stm32f4xx_hal_flash_ramfunc.o
LOAD Drivers\STM32F4xx_HAL_Driver\Src\stm32f4xx_hal_gpio.o
LOAD Drivers\STM32F4xx_HAL_Driver\Src\stm32f4xx_hal_hcd.o
LOAD Drivers\STM32F4xx_HAL_Driver\Src\stm32f4xx_hal_i2c.o
LOAD Drivers\STM32F4xx_HAL_Driver\Src\stm32f4xx_hal_i2c_ex.o
LOAD Drivers\STM32F4xx_HAL_Driver\Src\stm32f4xx_hal_i2s.o
LOAD Drivers\STM32F4xx_HAL_Driver\Src\stm32f4xx_hal_i2s_ex.o
LOAD Drivers\STM32F4xx_HAL_Driver\Src\stm32f4xx_hal_pwr.o
LOAD Drivers\STM32F4xx_HAL_Driver\Src\stm32f4xx_hal_pwr_ex.o
LOAD Drivers\STM32F4xx_HAL_Driver\Src\stm32f4xx_hal_rcc.o
LOAD Drivers\STM32F4xx_HAL_Driver\Src\stm32f4xx_hal_rcc_ex.o
LOAD Drivers\STM32F4xx_HAL_Driver\Src\stm32f4xx_hal_spi.o
LOAD Drivers\STM32F4xx_HAL_Driver\Src\stm32f4xx_hal_tim.o
LOAD Drivers\STM32F4xx_HAL_Driver\Src\stm32f4xx_hal_tim_ex.o
LOAD Drivers\STM32F4xx_HAL_Driver\Src\stm32f4xx_hal_uart.o
LOAD Drivers\STM32F4xx_HAL_Driver\Src\stm32f4xx_ll_usb.o
LOAD Middlewares\ST\STM32_USB_Host_Library\Class\CDC\Src\usbh_cdc.o
LOAD Middlewares\ST\STM32_USB_Host_Library\Core\Src\usbh_core.o
LOAD Middlewares\ST\STM32_USB_Host_Library\Core\Src\usbh_ctlreq.o
LOAD Middlewares\ST\STM32_USB_Host_Library\Core\Src\usbh_ioreq.o
LOAD Middlewares\ST\STM32_USB_Host_Library\Core\Src\usbh_pipes.o
LOAD USB_HOST\App\usb_host.o
LOAD USB_HOST\Target\usbh_conf.o
LOAD USB_HOST\Target\usbh_platform.o
LOAD startup\startup_stm32f407xx.o
                0x00000080                malloc_getpagesize_P = 0x80
START GROUP
LOAD c:/program files (x86)/atollic/truestudio for stm32 9.3.0/armtools/bin/../lib/gcc/arm-atollic-eabi/6.3.1/../../../../arm-atollic-eabi/lib/armv7e-m/fpu\libc_nano.a
LOAD c:/program files (x86)/atollic/truestudio for stm32 9.3.0/armtools/bin/../lib/gcc/arm-atollic-eabi/6.3.1/../../../../arm-atollic-eabi/lib/armv7e-m/fpu\libm.a
END GROUP
START GROUP
LOAD c:/program files (x86)/atollic/truestudio for stm32 9.3.0/armtools/bin/../lib/gcc/arm-atollic-eabi/6.3.1/armv7e-m/fpu\libgcc.a
LOAD c:/program files (x86)/atollic/truestudio for stm32 9.3.0/armtools/bin/../lib/gcc/arm-atollic-eabi/6.3.1/../../../../arm-atollic-eabi/lib/armv7e-m/fpu\libc_nano.a
END GROUP
START GROUP
LOAD c:/program files (x86)/atollic/truestudio for stm32 9.3.0/armtools/bin/../lib/gcc/arm-atollic-eabi/6.3.1/armv7e-m/fpu\libgcc.a
LOAD c:/program files (x86)/atollic/truestudio for stm32 9.3.0/armtools/bin/../lib/gcc/arm-atollic-eabi/6.3.1/../../../../arm-atollic-eabi/lib/armv7e-m/fpu\libc_nano.a
LOAD c:/program files (x86)/atollic/truestudio for stm32 9.3.0/armtools/bin/../lib/gcc/arm-atollic-eabi/6.3.1/../../../../arm-atollic-eabi/lib/armv7e-m/fpu\libnosys.a
END GROUP
START GROUP
LOAD c:/program files (x86)/atollic/truestudio for stm32 9.3.0/armtools/bin/../lib/gcc/arm-atollic-eabi/6.3.1/armv7e-m/fpu\libgcc.a
LOAD c:/program files (x86)/atollic/truestudio for stm32 9.3.0/armtools/bin/../lib/gcc/arm-atollic-eabi/6.3.1/../../../../arm-atollic-eabi/lib/armv7e-m/fpu\libc_nano.a
LOAD c:/program files (x86)/atollic/truestudio for stm32 9.3.0/armtools/bin/../lib/gcc/arm-atollic-eabi/6.3.1/../../../../arm-atollic-eabi/lib/armv7e-m/fpu\libnosys.a
END GROUP
LOAD c:/program files (x86)/atollic/truestudio for stm32 9.3.0/armtools/bin/../lib/gcc/arm-atollic-eabi/6.3.1/armv7e-m/fpu/crtend.o
LOAD c:/program files (x86)/atollic/truestudio for stm32 9.3.0/armtools/bin/../lib/gcc/arm-atollic-eabi/6.3.1/armv7e-m/fpu/crtn.o
                0x20020000                _estack = 0x20020000
                0x00000200                _Min_Heap_Size = 0x200
                0x00000400                _Min_Stack_Size = 0x400

.isr_vector     0x08000000      0x188
                0x08000000                . = ALIGN (0x4)
 *(.isr_vector)
 .isr_vector    0x08000000      0x188 startup\startup_stm32f407xx.o
                0x08000000                g_pfnVectors
                0x08000188                . = ALIGN (0x4)

.text           0x08000188     0x9c64
                0x08000188                . = ALIGN (0x4)
 *(.text)
 .text          0x08000188       0x40 c:/program files (x86)/atollic/truestudio for stm32 9.3.0/armtools/bin/../lib/gcc/arm-atollic-eabi/6.3.1/armv7e-m/fpu/crtbegin.o
 .text          0x080001c8      0x424 c:/program files (x86)/atollic/truestudio for stm32 9.3.0/armtools/bin/../lib/gcc/arm-atollic-eabi/6.3.1/armv7e-m/fpu\libgcc.a(_arm_muldivdf3.o)
                0x080001c8                __aeabi_dmul
                0x080001c8                __muldf3
                0x0800041c                __divdf3
                0x0800041c                __aeabi_ddiv
 .text          0x080005ec      0x110 c:/program files (x86)/atollic/truestudio for stm32 9.3.0/armtools/bin/../lib/gcc/arm-atollic-eabi/6.3.1/armv7e-m/fpu\libgcc.a(_arm_cmpdf2.o)
                0x080005ec                __gtdf2
                0x080005ec                __gedf2
                0x080005f4                __ltdf2
                0x080005f4                __ledf2
                0x080005fc                __nedf2
                0x080005fc                __eqdf2
                0x080005fc                __cmpdf2
                0x08000678                __aeabi_cdrcmple
                0x08000688                __aeabi_cdcmpeq
                0x08000688                __aeabi_cdcmple
                0x08000698                __aeabi_dcmpeq
                0x080006ac                __aeabi_dcmplt
                0x080006c0                __aeabi_dcmple
                0x080006d4                __aeabi_dcmpge
                0x080006e8                __aeabi_dcmpgt
 .text          0x080006fc       0x50 c:/program files (x86)/atollic/truestudio for stm32 9.3.0/armtools/bin/../lib/gcc/arm-atollic-eabi/6.3.1/armv7e-m/fpu\libgcc.a(_arm_fixdfsi.o)
                0x080006fc                __aeabi_d2iz
                0x080006fc                __fixdfsi
 .text          0x0800074c       0x30 c:/program files (x86)/atollic/truestudio for stm32 9.3.0/armtools/bin/../lib/gcc/arm-atollic-eabi/6.3.1/armv7e-m/fpu\libgcc.a(_aeabi_uldivmod.o)
                0x0800074c                __aeabi_uldivmod
 .text          0x0800077c      0x2dc c:/program files (x86)/atollic/truestudio for stm32 9.3.0/armtools/bin/../lib/gcc/arm-atollic-eabi/6.3.1/armv7e-m/fpu\libgcc.a(_udivmoddi4.o)
                0x0800077c                __udivmoddi4
 .text          0x08000a58        0x4 c:/program files (x86)/atollic/truestudio for stm32 9.3.0/armtools/bin/../lib/gcc/arm-atollic-eabi/6.3.1/armv7e-m/fpu\libgcc.a(_dvmd_tls.o)
                0x08000a58                __aeabi_idiv0
                0x08000a58                __aeabi_ldiv0
 *(.text*)
 .text.MX_GPIO_Init
                0x08000a5c      0x1fc Core\Src\gpio.o
                0x08000a5c                MX_GPIO_Init
 .text.MX_I2C1_Init
                0x08000c58       0x5c Core\Src\i2c.o
                0x08000c58                MX_I2C1_Init
 .text.HAL_I2C_MspInit
                0x08000cb4       0x90 Core\Src\i2c.o
                0x08000cb4                HAL_I2C_MspInit
 .text.MX_I2S3_Init
                0x08000d44       0x60 Core\Src\i2s.o
                0x08000d44                MX_I2S3_Init
 .text.HAL_I2S_MspInit
                0x08000da4       0xd0 Core\Src\i2s.o
                0x08000da4                HAL_I2S_MspInit
 .text.main     0x08000e74      0x154 Core\Src\main.o
                0x08000e74                main
 .text.SystemClock_Config
                0x08000fc8      0x104 Core\Src\main.o
                0x08000fc8                SystemClock_Config
 .text.controlRotateDirection
                0x080010cc      0x160 Core\Src\main.o
                0x080010cc                controlRotateDirection
 .text.motorControl
                0x0800122c      0x278 Core\Src\main.o
                0x0800122c                motorControl
 .text.Error_Handler
                0x080014a4        0xe Core\Src\main.o
                0x080014a4                Error_Handler
 *fill*         0x080014b2        0x2 
 .text.MX_SPI1_Init
                0x080014b4       0x6c Core\Src\spi.o
                0x080014b4                MX_SPI1_Init
 .text.HAL_SPI_MspInit
                0x08001520       0x90 Core\Src\spi.o
                0x08001520                HAL_SPI_MspInit
 .text.HAL_MspInit
                0x080015b0       0x50 Core\Src\stm32f4xx_hal_msp.o
                0x080015b0                HAL_MspInit
 .text.NMI_Handler
                0x08001600        0xe Core\Src\stm32f4xx_it.o
                0x08001600                NMI_Handler
 .text.HardFault_Handler
                0x0800160e        0x6 Core\Src\stm32f4xx_it.o
                0x0800160e                HardFault_Handler
 .text.MemManage_Handler
                0x08001614        0x6 Core\Src\stm32f4xx_it.o
                0x08001614                MemManage_Handler
 .text.BusFault_Handler
                0x0800161a        0x6 Core\Src\stm32f4xx_it.o
                0x0800161a                BusFault_Handler
 .text.UsageFault_Handler
                0x08001620        0x6 Core\Src\stm32f4xx_it.o
                0x08001620                UsageFault_Handler
 .text.SVC_Handler
                0x08001626        0xe Core\Src\stm32f4xx_it.o
                0x08001626                SVC_Handler
 .text.DebugMon_Handler
                0x08001634        0xe Core\Src\stm32f4xx_it.o
                0x08001634                DebugMon_Handler
 .text.PendSV_Handler
                0x08001642        0xe Core\Src\stm32f4xx_it.o
                0x08001642                PendSV_Handler
 .text.SysTick_Handler
                0x08001650        0xc Core\Src\stm32f4xx_it.o
                0x08001650                SysTick_Handler
 .text.OTG_FS_IRQHandler
                0x0800165c       0x14 Core\Src\stm32f4xx_it.o
                0x0800165c                OTG_FS_IRQHandler
 .text._sbrk    0x08001670       0x58 Core\Src\syscalls.o
                0x08001670                _sbrk
 .text.SystemInit
                0x080016c8       0x2c Core\Src\system_stm32f4xx.o
                0x080016c8                SystemInit
 .text.MX_TIM1_Init
                0x080016f4      0x188 Core\Src\tim.o
                0x080016f4                MX_TIM1_Init
 .text.HAL_TIM_Base_MspInit
                0x0800187c       0x44 Core\Src\tim.o
                0x0800187c                HAL_TIM_Base_MspInit
 .text.HAL_TIM_MspPostInit
                0x080018c0       0x74 Core\Src\tim.o
                0x080018c0                HAL_TIM_MspPostInit
 .text.MX_USART2_UART_Init
                0x08001934       0x54 Core\Src\usart.o
                0x08001934                MX_USART2_UART_Init
 .text.HAL_UART_MspInit
                0x08001988       0x90 Core\Src\usart.o
                0x08001988                HAL_UART_MspInit
 .text.HAL_Init
                0x08001a18       0x44 Drivers\STM32F4xx_HAL_Driver\Src\stm32f4xx_hal.o
                0x08001a18                HAL_Init
 .text.HAL_InitTick
                0x08001a5c       0x60 Drivers\STM32F4xx_HAL_Driver\Src\stm32f4xx_hal.o
                0x08001a5c                HAL_InitTick
 .text.HAL_IncTick
                0x08001abc       0x28 Drivers\STM32F4xx_HAL_Driver\Src\stm32f4xx_hal.o
                0x08001abc                HAL_IncTick
 .text.HAL_GetTick
                0x08001ae4       0x18 Drivers\STM32F4xx_HAL_Driver\Src\stm32f4xx_hal.o
                0x08001ae4                HAL_GetTick
 .text.HAL_Delay
                0x08001afc       0x44 Drivers\STM32F4xx_HAL_Driver\Src\stm32f4xx_hal.o
                0x08001afc                HAL_Delay
 .text.__NVIC_SetPriorityGrouping
                0x08001b40       0x48 Drivers\STM32F4xx_HAL_Driver\Src\stm32f4xx_hal_cortex.o
 .text.__NVIC_GetPriorityGrouping
                0x08001b88       0x1c Drivers\STM32F4xx_HAL_Driver\Src\stm32f4xx_hal_cortex.o
 .text.__NVIC_EnableIRQ
                0x08001ba4       0x3c Drivers\STM32F4xx_HAL_Driver\Src\stm32f4xx_hal_cortex.o
 .text.__NVIC_SetPriority
                0x08001be0       0x54 Drivers\STM32F4xx_HAL_Driver\Src\stm32f4xx_hal_cortex.o
 .text.NVIC_EncodePriority
                0x08001c34       0x62 Drivers\STM32F4xx_HAL_Driver\Src\stm32f4xx_hal_cortex.o
 *fill*         0x08001c96        0x2 
 .text.SysTick_Config
                0x08001c98       0x44 Drivers\STM32F4xx_HAL_Driver\Src\stm32f4xx_hal_cortex.o
 .text.HAL_NVIC_SetPriorityGrouping
                0x08001cdc       0x16 Drivers\STM32F4xx_HAL_Driver\Src\stm32f4xx_hal_cortex.o
                0x08001cdc                HAL_NVIC_SetPriorityGrouping
 .text.HAL_NVIC_SetPriority
                0x08001cf2       0x38 Drivers\STM32F4xx_HAL_Driver\Src\stm32f4xx_hal_cortex.o
                0x08001cf2                HAL_NVIC_SetPriority
 .text.HAL_NVIC_EnableIRQ
                0x08001d2a       0x1c Drivers\STM32F4xx_HAL_Driver\Src\stm32f4xx_hal_cortex.o
                0x08001d2a                HAL_NVIC_EnableIRQ
 .text.HAL_SYSTICK_Config
                0x08001d46       0x18 Drivers\STM32F4xx_HAL_Driver\Src\stm32f4xx_hal_cortex.o
                0x08001d46                HAL_SYSTICK_Config
 *fill*         0x08001d5e        0x2 
 .text.HAL_GPIO_Init
                0x08001d60      0x334 Drivers\STM32F4xx_HAL_Driver\Src\stm32f4xx_hal_gpio.o
                0x08001d60                HAL_GPIO_Init
 .text.HAL_GPIO_WritePin
                0x08002094       0x32 Drivers\STM32F4xx_HAL_Driver\Src\stm32f4xx_hal_gpio.o
                0x08002094                HAL_GPIO_WritePin
 .text.HAL_HCD_Init
                0x080020c6       0xc4 Drivers\STM32F4xx_HAL_Driver\Src\stm32f4xx_hal_hcd.o
                0x080020c6                HAL_HCD_Init
 .text.HAL_HCD_HC_Init
                0x0800218a      0x130 Drivers\STM32F4xx_HAL_Driver\Src\stm32f4xx_hal_hcd.o
                0x0800218a                HAL_HCD_HC_Init
 .text.HAL_HCD_HC_Halt
                0x080022ba       0x46 Drivers\STM32F4xx_HAL_Driver\Src\stm32f4xx_hal_hcd.o
                0x080022ba                HAL_HCD_HC_Halt
 .text.HAL_HCD_HC_SubmitRequest
                0x08002300      0x2e4 Drivers\STM32F4xx_HAL_Driver\Src\stm32f4xx_hal_hcd.o
                0x08002300                HAL_HCD_HC_SubmitRequest
 .text.HAL_HCD_IRQHandler
                0x080025e4      0x208 Drivers\STM32F4xx_HAL_Driver\Src\stm32f4xx_hal_hcd.o
                0x080025e4                HAL_HCD_IRQHandler
 .text.HAL_HCD_Start
                0x080027ec       0x46 Drivers\STM32F4xx_HAL_Driver\Src\stm32f4xx_hal_hcd.o
                0x080027ec                HAL_HCD_Start
 .text.HAL_HCD_Stop
                0x08002832       0x3a Drivers\STM32F4xx_HAL_Driver\Src\stm32f4xx_hal_hcd.o
                0x08002832                HAL_HCD_Stop
 .text.HAL_HCD_ResetPort
                0x0800286c       0x1c Drivers\STM32F4xx_HAL_Driver\Src\stm32f4xx_hal_hcd.o
                0x0800286c                HAL_HCD_ResetPort
 .text.HAL_HCD_HC_GetURBState
                0x08002888       0x2a Drivers\STM32F4xx_HAL_Driver\Src\stm32f4xx_hal_hcd.o
                0x08002888                HAL_HCD_HC_GetURBState
 .text.HAL_HCD_HC_GetXferCount
                0x080028b2       0x2a Drivers\STM32F4xx_HAL_Driver\Src\stm32f4xx_hal_hcd.o
                0x080028b2                HAL_HCD_HC_GetXferCount
 .text.HAL_HCD_GetCurrentFrame
                0x080028dc       0x1c Drivers\STM32F4xx_HAL_Driver\Src\stm32f4xx_hal_hcd.o
                0x080028dc                HAL_HCD_GetCurrentFrame
 .text.HAL_HCD_GetCurrentSpeed
                0x080028f8       0x1c Drivers\STM32F4xx_HAL_Driver\Src\stm32f4xx_hal_hcd.o
                0x080028f8                HAL_HCD_GetCurrentSpeed
 .text.HCD_HC_IN_IRQHandler
                0x08002914      0x880 Drivers\STM32F4xx_HAL_Driver\Src\stm32f4xx_hal_hcd.o
 .text.HCD_HC_OUT_IRQHandler
                0x08003194      0x6fe Drivers\STM32F4xx_HAL_Driver\Src\stm32f4xx_hal_hcd.o
 *fill*         0x08003892        0x2 
 .text.HCD_RXQLVL_IRQHandler
                0x08003894      0x158 Drivers\STM32F4xx_HAL_Driver\Src\stm32f4xx_hal_hcd.o
 .text.HCD_Port_IRQHandler
                0x080039ec       0xe6 Drivers\STM32F4xx_HAL_Driver\Src\stm32f4xx_hal_hcd.o
 *fill*         0x08003ad2        0x2 
 .text.HAL_I2C_Init
                0x08003ad4      0x270 Drivers\STM32F4xx_HAL_Driver\Src\stm32f4xx_hal_i2c.o
                0x08003ad4                HAL_I2C_Init
 .text.HAL_I2S_Init
                0x08003d44      0x280 Drivers\STM32F4xx_HAL_Driver\Src\stm32f4xx_hal_i2s.o
                0x08003d44                HAL_I2S_Init
 .text.HAL_I2S_TxCpltCallback
                0x08003fc4       0x14 Drivers\STM32F4xx_HAL_Driver\Src\stm32f4xx_hal_i2s.o
                0x08003fc4                HAL_I2S_TxCpltCallback
 .text.HAL_I2S_RxCpltCallback
                0x08003fd8       0x14 Drivers\STM32F4xx_HAL_Driver\Src\stm32f4xx_hal_i2s.o
                0x08003fd8                HAL_I2S_RxCpltCallback
 .text.HAL_I2S_ErrorCallback
                0x08003fec       0x14 Drivers\STM32F4xx_HAL_Driver\Src\stm32f4xx_hal_i2s.o
                0x08003fec                HAL_I2S_ErrorCallback
 .text.I2S_Transmit_IT
                0x08004000       0x5c Drivers\STM32F4xx_HAL_Driver\Src\stm32f4xx_hal_i2s.o
 .text.I2S_Receive_IT
                0x0800405c       0x5e Drivers\STM32F4xx_HAL_Driver\Src\stm32f4xx_hal_i2s.o
 .text.I2S_IRQHandler
                0x080040ba      0x114 Drivers\STM32F4xx_HAL_Driver\Src\stm32f4xx_hal_i2s.o
 *fill*         0x080041ce        0x2 
 .text.HAL_I2SEx_FullDuplex_IRQHandler
                0x080041d0      0x2a8 Drivers\STM32F4xx_HAL_Driver\Src\stm32f4xx_hal_i2s_ex.o
                0x080041d0                HAL_I2SEx_FullDuplex_IRQHandler
 .text.HAL_I2SEx_TxRxCpltCallback
                0x08004478       0x14 Drivers\STM32F4xx_HAL_Driver\Src\stm32f4xx_hal_i2s_ex.o
                0x08004478                HAL_I2SEx_TxRxCpltCallback
 .text.I2SEx_TxISR_I2S
                0x0800448c       0x62 Drivers\STM32F4xx_HAL_Driver\Src\stm32f4xx_hal_i2s_ex.o
 *fill*         0x080044ee        0x2 
 .text.I2SEx_TxISR_I2SExt
                0x080044f0       0x94 Drivers\STM32F4xx_HAL_Driver\Src\stm32f4xx_hal_i2s_ex.o
 .text.I2SEx_RxISR_I2S
                0x08004584       0x64 Drivers\STM32F4xx_HAL_Driver\Src\stm32f4xx_hal_i2s_ex.o
 .text.I2SEx_RxISR_I2SExt
                0x080045e8       0x98 Drivers\STM32F4xx_HAL_Driver\Src\stm32f4xx_hal_i2s_ex.o
 .text.HAL_RCC_OscConfig
                0x08004680      0x4e0 Drivers\STM32F4xx_HAL_Driver\Src\stm32f4xx_hal_rcc.o
                0x08004680                HAL_RCC_OscConfig
 .text.HAL_RCC_ClockConfig
                0x08004b60      0x1cc Drivers\STM32F4xx_HAL_Driver\Src\stm32f4xx_hal_rcc.o
                0x08004b60                HAL_RCC_ClockConfig
 .text.HAL_RCC_GetSysClockFreq
                0x08004d2c      0x1b0 Drivers\STM32F4xx_HAL_Driver\Src\stm32f4xx_hal_rcc.o
                0x08004d2c                HAL_RCC_GetSysClockFreq
 .text.HAL_RCC_GetHCLKFreq
                0x08004edc       0x18 Drivers\STM32F4xx_HAL_Driver\Src\stm32f4xx_hal_rcc.o
                0x08004edc                HAL_RCC_GetHCLKFreq
 .text.HAL_RCC_GetPCLK1Freq
                0x08004ef4       0x28 Drivers\STM32F4xx_HAL_Driver\Src\stm32f4xx_hal_rcc.o
                0x08004ef4                HAL_RCC_GetPCLK1Freq
 .text.HAL_RCC_GetPCLK2Freq
                0x08004f1c       0x28 Drivers\STM32F4xx_HAL_Driver\Src\stm32f4xx_hal_rcc.o
                0x08004f1c                HAL_RCC_GetPCLK2Freq
 .text.HAL_RCCEx_PeriphCLKConfig
                0x08004f44      0x1c4 Drivers\STM32F4xx_HAL_Driver\Src\stm32f4xx_hal_rcc_ex.o
                0x08004f44                HAL_RCCEx_PeriphCLKConfig
 .text.HAL_RCCEx_GetPeriphCLKFreq
                0x08005108       0xb8 Drivers\STM32F4xx_HAL_Driver\Src\stm32f4xx_hal_rcc_ex.o
                0x08005108                HAL_RCCEx_GetPeriphCLKFreq
 .text.HAL_SPI_Init
                0x080051c0       0xc6 Drivers\STM32F4xx_HAL_Driver\Src\stm32f4xx_hal_spi.o
                0x080051c0                HAL_SPI_Init
 .text.HAL_TIM_Base_Init
                0x08005286       0x56 Drivers\STM32F4xx_HAL_Driver\Src\stm32f4xx_hal_tim.o
                0x08005286                HAL_TIM_Base_Init
 .text.HAL_TIM_PWM_Init
                0x080052dc       0x56 Drivers\STM32F4xx_HAL_Driver\Src\stm32f4xx_hal_tim.o
                0x080052dc                HAL_TIM_PWM_Init
 .text.HAL_TIM_PWM_MspInit
                0x08005332       0x14 Drivers\STM32F4xx_HAL_Driver\Src\stm32f4xx_hal_tim.o
                0x08005332                HAL_TIM_PWM_MspInit
 *fill*         0x08005346        0x2 
 .text.HAL_TIM_PWM_Start
                0x08005348       0x7c Drivers\STM32F4xx_HAL_Driver\Src\stm32f4xx_hal_tim.o
                0x08005348                HAL_TIM_PWM_Start
 .text.HAL_TIM_PWM_ConfigChannel
                0x080053c4      0x18c Drivers\STM32F4xx_HAL_Driver\Src\stm32f4xx_hal_tim.o
                0x080053c4                HAL_TIM_PWM_ConfigChannel
 .text.HAL_TIM_ConfigClockSource
                0x08005550      0x16e Drivers\STM32F4xx_HAL_Driver\Src\stm32f4xx_hal_tim.o
                0x08005550                HAL_TIM_ConfigClockSource
 *fill*         0x080056be        0x2 
 .text.TIM_Base_SetConfig
                0x080056c0      0x140 Drivers\STM32F4xx_HAL_Driver\Src\stm32f4xx_hal_tim.o
                0x080056c0                TIM_Base_SetConfig
 .text.TIM_OC1_SetConfig
                0x08005800       0xe0 Drivers\STM32F4xx_HAL_Driver\Src\stm32f4xx_hal_tim.o
 .text.TIM_OC2_SetConfig
                0x080058e0       0xec Drivers\STM32F4xx_HAL_Driver\Src\stm32f4xx_hal_tim.o
                0x080058e0                TIM_OC2_SetConfig
 .text.TIM_OC3_SetConfig
                0x080059cc       0xe8 Drivers\STM32F4xx_HAL_Driver\Src\stm32f4xx_hal_tim.o
 .text.TIM_OC4_SetConfig
                0x08005ab4       0xac Drivers\STM32F4xx_HAL_Driver\Src\stm32f4xx_hal_tim.o
 .text.TIM_TI1_ConfigInputStage
                0x08005b60       0x5e Drivers\STM32F4xx_HAL_Driver\Src\stm32f4xx_hal_tim.o
 .text.TIM_TI2_ConfigInputStage
                0x08005bbe       0x60 Drivers\STM32F4xx_HAL_Driver\Src\stm32f4xx_hal_tim.o
 .text.TIM_ITRx_SetConfig
                0x08005c1e       0x36 Drivers\STM32F4xx_HAL_Driver\Src\stm32f4xx_hal_tim.o
 .text.TIM_ETR_SetConfig
                0x08005c54       0x40 Drivers\STM32F4xx_HAL_Driver\Src\stm32f4xx_hal_tim.o
                0x08005c54                TIM_ETR_SetConfig
 .text.TIM_CCxChannelCmd
                0x08005c94       0x4a Drivers\STM32F4xx_HAL_Driver\Src\stm32f4xx_hal_tim.o
                0x08005c94                TIM_CCxChannelCmd
 *fill*         0x08005cde        0x2 
 .text.HAL_TIMEx_MasterConfigSynchronization
                0x08005ce0       0xf8 Drivers\STM32F4xx_HAL_Driver\Src\stm32f4xx_hal_tim_ex.o
                0x08005ce0                HAL_TIMEx_MasterConfigSynchronization
 .text.HAL_TIMEx_ConfigBreakDeadTime
                0x08005dd8       0xa4 Drivers\STM32F4xx_HAL_Driver\Src\stm32f4xx_hal_tim_ex.o
                0x08005dd8                HAL_TIMEx_ConfigBreakDeadTime
 .text.HAL_UART_Init
                0x08005e7c       0x9a Drivers\STM32F4xx_HAL_Driver\Src\stm32f4xx_hal_uart.o
                0x08005e7c                HAL_UART_Init
 .text.HAL_UART_Transmit
                0x08005f16      0x130 Drivers\STM32F4xx_HAL_Driver\Src\stm32f4xx_hal_uart.o
                0x08005f16                HAL_UART_Transmit
 .text.HAL_UART_Receive
                0x08006046      0x14c Drivers\STM32F4xx_HAL_Driver\Src\stm32f4xx_hal_uart.o
                0x08006046                HAL_UART_Receive
 .text.UART_WaitOnFlagUntilTimeout
                0x08006192       0x94 Drivers\STM32F4xx_HAL_Driver\Src\stm32f4xx_hal_uart.o
 *fill*         0x08006226        0x2 
 .text.UART_SetConfig
                0x08006228      0x67c Drivers\STM32F4xx_HAL_Driver\Src\stm32f4xx_hal_uart.o
 .text.USB_CoreInit
                0x080068a4       0xc2 Drivers\STM32F4xx_HAL_Driver\Src\stm32f4xx_ll_usb.o
                0x080068a4                USB_CoreInit
 .text.USB_EnableGlobalInt
                0x08006966       0x22 Drivers\STM32F4xx_HAL_Driver\Src\stm32f4xx_ll_usb.o
                0x08006966                USB_EnableGlobalInt
 .text.USB_DisableGlobalInt
                0x08006988       0x22 Drivers\STM32F4xx_HAL_Driver\Src\stm32f4xx_ll_usb.o
                0x08006988                USB_DisableGlobalInt
 .text.USB_SetCurrentMode
                0x080069aa       0x54 Drivers\STM32F4xx_HAL_Driver\Src\stm32f4xx_ll_usb.o
                0x080069aa                USB_SetCurrentMode
 *fill*         0x080069fe        0x2 
 .text.USB_FlushTxFifo
                0x08006a00       0x4c Drivers\STM32F4xx_HAL_Driver\Src\stm32f4xx_ll_usb.o
                0x08006a00                USB_FlushTxFifo
 .text.USB_FlushRxFifo
                0x08006a4c       0x44 Drivers\STM32F4xx_HAL_Driver\Src\stm32f4xx_ll_usb.o
                0x08006a4c                USB_FlushRxFifo
 .text.USB_WritePacket
                0x08006a90       0x6a Drivers\STM32F4xx_HAL_Driver\Src\stm32f4xx_ll_usb.o
                0x08006a90                USB_WritePacket
 .text.USB_ReadPacket
                0x08006afa       0x52 Drivers\STM32F4xx_HAL_Driver\Src\stm32f4xx_ll_usb.o
                0x08006afa                USB_ReadPacket
 .text.USB_ReadInterrupts
                0x08006b4c       0x26 Drivers\STM32F4xx_HAL_Driver\Src\stm32f4xx_ll_usb.o
                0x08006b4c                USB_ReadInterrupts
 .text.USB_GetMode
                0x08006b72       0x1c Drivers\STM32F4xx_HAL_Driver\Src\stm32f4xx_ll_usb.o
                0x08006b72                USB_GetMode
 *fill*         0x08006b8e        0x2 
 .text.USB_CoreReset
                0x08006b90       0x68 Drivers\STM32F4xx_HAL_Driver\Src\stm32f4xx_ll_usb.o
 .text.USB_HostInit
                0x08006bf8      0x17c Drivers\STM32F4xx_HAL_Driver\Src\stm32f4xx_ll_usb.o
                0x08006bf8                USB_HostInit
 .text.USB_InitFSLSPClkSel
                0x08006d74       0x78 Drivers\STM32F4xx_HAL_Driver\Src\stm32f4xx_ll_usb.o
                0x08006d74                USB_InitFSLSPClkSel
 .text.USB_ResetPort
                0x08006dec       0x58 Drivers\STM32F4xx_HAL_Driver\Src\stm32f4xx_ll_usb.o
                0x08006dec                USB_ResetPort
 .text.USB_DriveVbus
                0x08006e44       0x76 Drivers\STM32F4xx_HAL_Driver\Src\stm32f4xx_ll_usb.o
                0x08006e44                USB_DriveVbus
 .text.USB_GetHostSpeed
                0x08006eba       0x2e Drivers\STM32F4xx_HAL_Driver\Src\stm32f4xx_ll_usb.o
                0x08006eba                USB_GetHostSpeed
 .text.USB_GetCurrentFrame
                0x08006ee8       0x22 Drivers\STM32F4xx_HAL_Driver\Src\stm32f4xx_ll_usb.o
                0x08006ee8                USB_GetCurrentFrame
 *fill*         0x08006f0a        0x2 
 .text.USB_HC_Init
                0x08006f0c      0x224 Drivers\STM32F4xx_HAL_Driver\Src\stm32f4xx_ll_usb.o
                0x08006f0c                USB_HC_Init
 .text.USB_HC_StartXfer
                0x08007130      0x294 Drivers\STM32F4xx_HAL_Driver\Src\stm32f4xx_ll_usb.o
                0x08007130                USB_HC_StartXfer
 .text.USB_HC_ReadInterrupt
                0x080073c4       0x22 Drivers\STM32F4xx_HAL_Driver\Src\stm32f4xx_ll_usb.o
                0x080073c4                USB_HC_ReadInterrupt
 .text.USB_HC_Halt
                0x080073e6      0x212 Drivers\STM32F4xx_HAL_Driver\Src\stm32f4xx_ll_usb.o
                0x080073e6                USB_HC_Halt
 .text.USB_DoPing
                0x080075f8       0x78 Drivers\STM32F4xx_HAL_Driver\Src\stm32f4xx_ll_usb.o
                0x080075f8                USB_DoPing
 .text.USB_StopHost
                0x08007670      0x10c Drivers\STM32F4xx_HAL_Driver\Src\stm32f4xx_ll_usb.o
                0x08007670                USB_StopHost
 .text.USBH_CDC_InterfaceInit
                0x0800777c      0x2ac Middlewares\ST\STM32_USB_Host_Library\Class\CDC\Src\usbh_cdc.o
 .text.USBH_CDC_InterfaceDeInit
                0x08007a28       0xb2 Middlewares\ST\STM32_USB_Host_Library\Class\CDC\Src\usbh_cdc.o
 .text.USBH_CDC_ClassRequest
                0x08007ada       0x3e Middlewares\ST\STM32_USB_Host_Library\Class\CDC\Src\usbh_cdc.o
 .text.USBH_CDC_Process
                0x08007b18      0x12c Middlewares\ST\STM32_USB_Host_Library\Class\CDC\Src\usbh_cdc.o
 .text.USBH_CDC_SOFProcess
                0x08007c44       0x16 Middlewares\ST\STM32_USB_Host_Library\Class\CDC\Src\usbh_cdc.o
 .text.GetLineCoding
                0x08007c5a       0x3e Middlewares\ST\STM32_USB_Host_Library\Class\CDC\Src\usbh_cdc.o
 .text.SetLineCoding
                0x08007c98       0x3e Middlewares\ST\STM32_USB_Host_Library\Class\CDC\Src\usbh_cdc.o
 .text.CDC_ProcessTransmission
                0x08007cd6       0xf0 Middlewares\ST\STM32_USB_Host_Library\Class\CDC\Src\usbh_cdc.o
 .text.CDC_ProcessReception
                0x08007dc6       0xb6 Middlewares\ST\STM32_USB_Host_Library\Class\CDC\Src\usbh_cdc.o
 .text.USBH_CDC_TransmitCallback
                0x08007e7c       0x14 Middlewares\ST\STM32_USB_Host_Library\Class\CDC\Src\usbh_cdc.o
                0x08007e7c                USBH_CDC_TransmitCallback
 .text.USBH_CDC_ReceiveCallback
                0x08007e90       0x14 Middlewares\ST\STM32_USB_Host_Library\Class\CDC\Src\usbh_cdc.o
                0x08007e90                USBH_CDC_ReceiveCallback
 .text.USBH_CDC_LineCodingChanged
                0x08007ea4       0x14 Middlewares\ST\STM32_USB_Host_Library\Class\CDC\Src\usbh_cdc.o
                0x08007ea4                USBH_CDC_LineCodingChanged
 .text.USBH_Init
                0x08007eb8       0x74 Middlewares\ST\STM32_USB_Host_Library\Core\Src\usbh_core.o
                0x08007eb8                USBH_Init
 .text.DeInitStateMachine
                0x08007f2c       0xa8 Middlewares\ST\STM32_USB_Host_Library\Core\Src\usbh_core.o
 .text.USBH_RegisterClass
                0x08007fd4       0x54 Middlewares\ST\STM32_USB_Host_Library\Core\Src\usbh_core.o
                0x08007fd4                USBH_RegisterClass
 .text.USBH_SelectInterface
                0x08008028       0x38 Middlewares\ST\STM32_USB_Host_Library\Core\Src\usbh_core.o
                0x08008028                USBH_SelectInterface
 .text.USBH_FindInterface
                0x08008060       0x8c Middlewares\ST\STM32_USB_Host_Library\Core\Src\usbh_core.o
                0x08008060                USBH_FindInterface
 .text.USBH_Start
                0x080080ec       0x20 Middlewares\ST\STM32_USB_Host_Library\Core\Src\usbh_core.o
                0x080080ec                USBH_Start
 .text.USBH_Process
                0x0800810c      0x3c0 Middlewares\ST\STM32_USB_Host_Library\Core\Src\usbh_core.o
                0x0800810c                USBH_Process
 .text.USBH_HandleEnum
                0x080084cc      0x3c8 Middlewares\ST\STM32_USB_Host_Library\Core\Src\usbh_core.o
 .text.USBH_LL_SetTimer
                0x08008894       0x1e Middlewares\ST\STM32_USB_Host_Library\Core\Src\usbh_core.o
                0x08008894                USBH_LL_SetTimer
 .text.USBH_LL_IncTimer
                0x080088b2       0x24 Middlewares\ST\STM32_USB_Host_Library\Core\Src\usbh_core.o
                0x080088b2                USBH_LL_IncTimer
 .text.USBH_HandleSof
                0x080088d6       0x30 Middlewares\ST\STM32_USB_Host_Library\Core\Src\usbh_core.o
 .text.USBH_LL_PortEnabled
                0x08008906       0x1c Middlewares\ST\STM32_USB_Host_Library\Core\Src\usbh_core.o
                0x08008906                USBH_LL_PortEnabled
 .text.USBH_LL_PortDisabled
                0x08008922       0x1c Middlewares\ST\STM32_USB_Host_Library\Core\Src\usbh_core.o
                0x08008922                USBH_LL_PortDisabled
 .text.USBH_LL_Connect
                0x0800893e       0x2e Middlewares\ST\STM32_USB_Host_Library\Core\Src\usbh_core.o
                0x0800893e                USBH_LL_Connect
 .text.USBH_LL_Disconnect
                0x0800896c       0x48 Middlewares\ST\STM32_USB_Host_Library\Core\Src\usbh_core.o
                0x0800896c                USBH_LL_Disconnect
 .text.USBH_Get_DevDesc
                0x080089b4       0x50 Middlewares\ST\STM32_USB_Host_Library\Core\Src\usbh_ctlreq.o
                0x080089b4                USBH_Get_DevDesc
 .text.USBH_Get_CfgDesc
                0x08008a04       0x48 Middlewares\ST\STM32_USB_Host_Library\Core\Src\usbh_ctlreq.o
                0x08008a04                USBH_Get_CfgDesc
 .text.USBH_Get_StringDesc
                0x08008a4c       0x56 Middlewares\ST\STM32_USB_Host_Library\Core\Src\usbh_ctlreq.o
                0x08008a4c                USBH_Get_StringDesc
 .text.USBH_GetDescriptor
                0x08008aa2       0x6a Middlewares\ST\STM32_USB_Host_Library\Core\Src\usbh_ctlreq.o
                0x08008aa2                USBH_GetDescriptor
 .text.USBH_SetAddress
                0x08008b0c       0x48 Middlewares\ST\STM32_USB_Host_Library\Core\Src\usbh_ctlreq.o
                0x08008b0c                USBH_SetAddress
 .text.USBH_SetCfg
                0x08008b54       0x46 Middlewares\ST\STM32_USB_Host_Library\Core\Src\usbh_ctlreq.o
                0x08008b54                USBH_SetCfg
 .text.USBH_SetFeature
                0x08008b9a       0x48 Middlewares\ST\STM32_USB_Host_Library\Core\Src\usbh_ctlreq.o
                0x08008b9a                USBH_SetFeature
 .text.USBH_ClrFeature
                0x08008be2       0x48 Middlewares\ST\STM32_USB_Host_Library\Core\Src\usbh_ctlreq.o
                0x08008be2                USBH_ClrFeature
 .text.USBH_ParseDevDesc
                0x08008c2a       0xe0 Middlewares\ST\STM32_USB_Host_Library\Core\Src\usbh_ctlreq.o
 .text.USBH_ParseCfgDesc
                0x08008d0a      0x144 Middlewares\ST\STM32_USB_Host_Library\Core\Src\usbh_ctlreq.o
 .text.USBH_ParseInterfaceDesc
                0x08008e4e       0x5e Middlewares\ST\STM32_USB_Host_Library\Core\Src\usbh_ctlreq.o
 .text.USBH_ParseEPDesc
                0x08008eac       0x5a Middlewares\ST\STM32_USB_Host_Library\Core\Src\usbh_ctlreq.o
 .text.USBH_ParseStringDesc
                0x08008f06       0x66 Middlewares\ST\STM32_USB_Host_Library\Core\Src\usbh_ctlreq.o
 .text.USBH_GetNextDesc
                0x08008f6c       0x36 Middlewares\ST\STM32_USB_Host_Library\Core\Src\usbh_ctlreq.o
                0x08008f6c                USBH_GetNextDesc
 .text.USBH_CtlReq
                0x08008fa2       0x7a Middlewares\ST\STM32_USB_Host_Library\Core\Src\usbh_ctlreq.o
                0x08008fa2                USBH_CtlReq
 .text.USBH_HandleControl
                0x0800901c      0x2ec Middlewares\ST\STM32_USB_Host_Library\Core\Src\usbh_ctlreq.o
 .text.USBH_CtlSendSetup
                0x08009308       0x34 Middlewares\ST\STM32_USB_Host_Library\Core\Src\usbh_ioreq.o
                0x08009308                USBH_CtlSendSetup
 .text.USBH_CtlSendData
                0x0800933c       0x4a Middlewares\ST\STM32_USB_Host_Library\Core\Src\usbh_ioreq.o
                0x0800933c                USBH_CtlSendData
 .text.USBH_CtlReceiveData
                0x08009386       0x3c Middlewares\ST\STM32_USB_Host_Library\Core\Src\usbh_ioreq.o
                0x08009386                USBH_CtlReceiveData
 .text.USBH_BulkSendData
                0x080093c2       0x4a Middlewares\ST\STM32_USB_Host_Library\Core\Src\usbh_ioreq.o
                0x080093c2                USBH_BulkSendData
 .text.USBH_BulkReceiveData
                0x0800940c       0x3c Middlewares\ST\STM32_USB_Host_Library\Core\Src\usbh_ioreq.o
                0x0800940c                USBH_BulkReceiveData
 .text.USBH_OpenPipe
                0x08009448       0x3e Middlewares\ST\STM32_USB_Host_Library\Core\Src\usbh_pipes.o
                0x08009448                USBH_OpenPipe
 .text.USBH_ClosePipe
                0x08009486       0x20 Middlewares\ST\STM32_USB_Host_Library\Core\Src\usbh_pipes.o
                0x08009486                USBH_ClosePipe
 .text.USBH_AllocPipe
                0x080094a6       0x42 Middlewares\ST\STM32_USB_Host_Library\Core\Src\usbh_pipes.o
                0x080094a6                USBH_AllocPipe
 .text.USBH_FreePipe
                0x080094e8       0x3e Middlewares\ST\STM32_USB_Host_Library\Core\Src\usbh_pipes.o
                0x080094e8                USBH_FreePipe
 .text.USBH_GetFreePipe
                0x08009526       0x48 Middlewares\ST\STM32_USB_Host_Library\Core\Src\usbh_pipes.o
 *fill*         0x0800956e        0x2 
 .text.MX_USB_HOST_Init
                0x08009570       0x4c USB_HOST\App\usb_host.o
                0x08009570                MX_USB_HOST_Init
 .text.MX_USB_HOST_Process
                0x080095bc       0x14 USB_HOST\App\usb_host.o
                0x080095bc                MX_USB_HOST_Process
 .text.USBH_UserProcess
                0x080095d0       0x5c USB_HOST\App\usb_host.o
 .text.HAL_HCD_MspInit
                0x0800962c       0xc4 USB_HOST\Target\usbh_conf.o
                0x0800962c                HAL_HCD_MspInit
 .text.HAL_HCD_SOF_Callback
                0x080096f0       0x1c USB_HOST\Target\usbh_conf.o
                0x080096f0                HAL_HCD_SOF_Callback
 .text.HAL_HCD_Connect_Callback
                0x0800970c       0x1c USB_HOST\Target\usbh_conf.o
                0x0800970c                HAL_HCD_Connect_Callback
 .text.HAL_HCD_Disconnect_Callback
                0x08009728       0x1c USB_HOST\Target\usbh_conf.o
                0x08009728                HAL_HCD_Disconnect_Callback
 .text.HAL_HCD_HC_NotifyURBChange_Callback
                0x08009744       0x1c USB_HOST\Target\usbh_conf.o
                0x08009744                HAL_HCD_HC_NotifyURBChange_Callback
 .text.HAL_HCD_PortEnabled_Callback
                0x08009760       0x1c USB_HOST\Target\usbh_conf.o
                0x08009760                HAL_HCD_PortEnabled_Callback
 .text.HAL_HCD_PortDisabled_Callback
                0x0800977c       0x1c USB_HOST\Target\usbh_conf.o
                0x0800977c                HAL_HCD_PortDisabled_Callback
 .text.USBH_LL_Init
                0x08009798       0x78 USB_HOST\Target\usbh_conf.o
                0x08009798                USBH_LL_Init
 .text.USBH_LL_Start
                0x08009810       0x36 USB_HOST\Target\usbh_conf.o
                0x08009810                USBH_LL_Start
 .text.USBH_LL_Stop
                0x08009846       0x36 USB_HOST\Target\usbh_conf.o
                0x08009846                USBH_LL_Stop
 .text.USBH_LL_GetSpeed
                0x0800987c       0x4a USB_HOST\Target\usbh_conf.o
                0x0800987c                USBH_LL_GetSpeed
 .text.USBH_LL_ResetPort
                0x080098c6       0x36 USB_HOST\Target\usbh_conf.o
                0x080098c6                USBH_LL_ResetPort
 .text.USBH_LL_GetLastXferSize
                0x080098fc       0x26 USB_HOST\Target\usbh_conf.o
                0x080098fc                USBH_LL_GetLastXferSize
 .text.USBH_LL_OpenPipe
                0x08009922       0x5e USB_HOST\Target\usbh_conf.o
                0x08009922                USBH_LL_OpenPipe
 .text.USBH_LL_ClosePipe
                0x08009980       0x3e USB_HOST\Target\usbh_conf.o
                0x08009980                USBH_LL_ClosePipe
 .text.USBH_LL_SubmitURB
                0x080099be       0x62 USB_HOST\Target\usbh_conf.o
                0x080099be                USBH_LL_SubmitURB
 .text.USBH_LL_GetURBState
                0x08009a20       0x26 USB_HOST\Target\usbh_conf.o
                0x08009a20                USBH_LL_GetURBState
 .text.USBH_LL_DriverVBUS
                0x08009a46       0x2e USB_HOST\Target\usbh_conf.o
                0x08009a46                USBH_LL_DriverVBUS
 .text.USBH_LL_SetToggle
                0x08009a74       0x66 USB_HOST\Target\usbh_conf.o
                0x08009a74                USBH_LL_SetToggle
 .text.USBH_Delay
                0x08009ada       0x16 USB_HOST\Target\usbh_conf.o
                0x08009ada                USBH_Delay
 .text.USBH_Get_USB_Status
                0x08009af0       0x58 USB_HOST\Target\usbh_conf.o
                0x08009af0                USBH_Get_USB_Status
 .text.MX_DriverVbusFS
                0x08009b48       0x38 USB_HOST\Target\usbh_platform.o
                0x08009b48                MX_DriverVbusFS
 .text.Reset_Handler
                0x08009b80       0x50 startup\startup_stm32f407xx.o
                0x08009b80                Reset_Handler
 .text.Default_Handler
                0x08009bd0        0x2 startup\startup_stm32f407xx.o
                0x08009bd0                RTC_Alarm_IRQHandler
                0x08009bd0                HASH_RNG_IRQHandler
                0x08009bd0                EXTI2_IRQHandler
                0x08009bd0                TIM8_CC_IRQHandler
                0x08009bd0                TIM1_CC_IRQHandler
                0x08009bd0                DMA2_Stream5_IRQHandler
                0x08009bd0                DMA1_Stream5_IRQHandler
                0x08009bd0                PVD_IRQHandler
                0x08009bd0                SDIO_IRQHandler
                0x08009bd0                TAMP_STAMP_IRQHandler
                0x08009bd0                CAN2_RX1_IRQHandler
                0x08009bd0                EXTI3_IRQHandler
                0x08009bd0                TIM8_TRG_COM_TIM14_IRQHandler
                0x08009bd0                TIM1_UP_TIM10_IRQHandler
                0x08009bd0                TIM8_UP_TIM13_IRQHandler
                0x08009bd0                I2C3_ER_IRQHandler
                0x08009bd0                EXTI0_IRQHandler
                0x08009bd0                I2C2_EV_IRQHandler
                0x08009bd0                DMA1_Stream2_IRQHandler
                0x08009bd0                CAN1_RX0_IRQHandler
                0x08009bd0                FPU_IRQHandler
                0x08009bd0                OTG_HS_WKUP_IRQHandler
                0x08009bd0                CAN2_SCE_IRQHandler
                0x08009bd0                DMA2_Stream2_IRQHandler
                0x08009bd0                SPI1_IRQHandler
                0x08009bd0                TIM6_DAC_IRQHandler
                0x08009bd0                TIM1_BRK_TIM9_IRQHandler
                0x08009bd0                DCMI_IRQHandler
                0x08009bd0                CAN2_RX0_IRQHandler
                0x08009bd0                DMA2_Stream3_IRQHandler
                0x08009bd0                USART6_IRQHandler
                0x08009bd0                USART3_IRQHandler
                0x08009bd0                CAN1_RX1_IRQHandler
                0x08009bd0                UART5_IRQHandler
                0x08009bd0                DMA2_Stream0_IRQHandler
                0x08009bd0                TIM4_IRQHandler
                0x08009bd0                I2C1_EV_IRQHandler
                0x08009bd0                DMA1_Stream6_IRQHandler
                0x08009bd0                DMA1_Stream1_IRQHandler
                0x08009bd0                UART4_IRQHandler
                0x08009bd0                TIM3_IRQHandler
                0x08009bd0                RCC_IRQHandler
                0x08009bd0                TIM8_BRK_TIM12_IRQHandler
                0x08009bd0                Default_Handler
                0x08009bd0                EXTI15_10_IRQHandler
                0x08009bd0                ADC_IRQHandler
                0x08009bd0                DMA1_Stream7_IRQHandler
                0x08009bd0                TIM7_IRQHandler
                0x08009bd0                CAN2_TX_IRQHandler
                0x08009bd0                TIM5_IRQHandler
                0x08009bd0                DMA2_Stream7_IRQHandler
                0x08009bd0                I2C3_EV_IRQHandler
                0x08009bd0                EXTI9_5_IRQHandler
                0x08009bd0                RTC_WKUP_IRQHandler
                0x08009bd0                ETH_WKUP_IRQHandler
                0x08009bd0                SPI2_IRQHandler
                0x08009bd0                OTG_HS_EP1_IN_IRQHandler
                0x08009bd0                DMA1_Stream0_IRQHandler
                0x08009bd0                CAN1_TX_IRQHandler
                0x08009bd0                EXTI4_IRQHandler
                0x08009bd0                FSMC_IRQHandler
                0x08009bd0                ETH_IRQHandler
                0x08009bd0                OTG_HS_EP1_OUT_IRQHandler
                0x08009bd0                WWDG_IRQHandler
                0x08009bd0                TIM2_IRQHandler
                0x08009bd0                OTG_FS_WKUP_IRQHandler
                0x08009bd0                TIM1_TRG_COM_TIM11_IRQHandler
                0x08009bd0                OTG_HS_IRQHandler
                0x08009bd0                EXTI1_IRQHandler
                0x08009bd0                USART2_IRQHandler
                0x08009bd0                I2C2_ER_IRQHandler
                0x08009bd0                DMA2_Stream1_IRQHandler
                0x08009bd0                CAN1_SCE_IRQHandler
                0x08009bd0                FLASH_IRQHandler
                0x08009bd0                DMA2_Stream4_IRQHandler
                0x08009bd0                USART1_IRQHandler
                0x08009bd0                SPI3_IRQHandler
                0x08009bd0                DMA1_Stream4_IRQHandler
                0x08009bd0                I2C1_ER_IRQHandler
                0x08009bd0                DMA2_Stream6_IRQHandler
                0x08009bd0                DMA1_Stream3_IRQHandler
 *fill*         0x08009bd2        0x2 
 .text.__errno  0x08009bd4        0xc c:/program files (x86)/atollic/truestudio for stm32 9.3.0/armtools/bin/../lib/gcc/arm-atollic-eabi/6.3.1/../../../../arm-atollic-eabi/lib/armv7e-m/fpu\libc_nano.a(lib_a-errno.o)
                0x08009bd4                __errno
 .text.__libc_init_array
                0x08009be0       0x48 c:/program files (x86)/atollic/truestudio for stm32 9.3.0/armtools/bin/../lib/gcc/arm-atollic-eabi/6.3.1/../../../../arm-atollic-eabi/lib/armv7e-m/fpu\libc_nano.a(lib_a-init.o)
                0x08009be0                __libc_init_array
 .text.malloc   0x08009c28       0x10 c:/program files (x86)/atollic/truestudio for stm32 9.3.0/armtools/bin/../lib/gcc/arm-atollic-eabi/6.3.1/../../../../arm-atollic-eabi/lib/armv7e-m/fpu\libc_nano.a(lib_a-malloc.o)
                0x08009c28                malloc
 .text.free     0x08009c38       0x10 c:/program files (x86)/atollic/truestudio for stm32 9.3.0/armtools/bin/../lib/gcc/arm-atollic-eabi/6.3.1/../../../../arm-atollic-eabi/lib/armv7e-m/fpu\libc_nano.a(lib_a-malloc.o)
                0x08009c38                free
 .text.memset   0x08009c48       0x10 c:/program files (x86)/atollic/truestudio for stm32 9.3.0/armtools/bin/../lib/gcc/arm-atollic-eabi/6.3.1/../../../../arm-atollic-eabi/lib/armv7e-m/fpu\libc_nano.a(lib_a-memset.o)
                0x08009c48                memset
 .text._free_r  0x08009c58       0x9c c:/program files (x86)/atollic/truestudio for stm32 9.3.0/armtools/bin/../lib/gcc/arm-atollic-eabi/6.3.1/../../../../arm-atollic-eabi/lib/armv7e-m/fpu\libc_nano.a(lib_a-nano-freer.o)
                0x08009c58                _free_r
 .text._malloc_r
                0x08009cf4       0xbc c:/program files (x86)/atollic/truestudio for stm32 9.3.0/armtools/bin/../lib/gcc/arm-atollic-eabi/6.3.1/../../../../arm-atollic-eabi/lib/armv7e-m/fpu\libc_nano.a(lib_a-nano-mallocr.o)
                0x08009cf4                _malloc_r
 .text._sbrk_r  0x08009db0       0x20 c:/program files (x86)/atollic/truestudio for stm32 9.3.0/armtools/bin/../lib/gcc/arm-atollic-eabi/6.3.1/../../../../arm-atollic-eabi/lib/armv7e-m/fpu\libc_nano.a(lib_a-sbrkr.o)
                0x08009db0                _sbrk_r
 .text.__malloc_lock
                0x08009dd0        0x2 c:/program files (x86)/atollic/truestudio for stm32 9.3.0/armtools/bin/../lib/gcc/arm-atollic-eabi/6.3.1/../../../../arm-atollic-eabi/lib/armv7e-m/fpu\libc_nano.a(lib_a-mlock.o)
                0x08009dd0                __malloc_lock
 .text.__malloc_unlock
                0x08009dd2        0x2 c:/program files (x86)/atollic/truestudio for stm32 9.3.0/armtools/bin/../lib/gcc/arm-atollic-eabi/6.3.1/../../../../arm-atollic-eabi/lib/armv7e-m/fpu\libc_nano.a(lib_a-mlock.o)
                0x08009dd2                __malloc_unlock
 *(.glue_7)
 .glue_7        0x08009dd4        0x0 linker stubs
 *(.glue_7t)
 .glue_7t       0x08009dd4        0x0 linker stubs
 *(.eh_frame)
 .eh_frame      0x08009dd4        0x0 c:/program files (x86)/atollic/truestudio for stm32 9.3.0/armtools/bin/../lib/gcc/arm-atollic-eabi/6.3.1/armv7e-m/fpu/crtbegin.o
 *(.init)
 .init          0x08009dd4        0x4 c:/program files (x86)/atollic/truestudio for stm32 9.3.0/armtools/bin/../lib/gcc/arm-atollic-eabi/6.3.1/armv7e-m/fpu/crti.o
                0x08009dd4                _init
 .init          0x08009dd8        0x8 c:/program files (x86)/atollic/truestudio for stm32 9.3.0/armtools/bin/../lib/gcc/arm-atollic-eabi/6.3.1/armv7e-m/fpu/crtn.o
 *(.fini)
 .fini          0x08009de0        0x4 c:/program files (x86)/atollic/truestudio for stm32 9.3.0/armtools/bin/../lib/gcc/arm-atollic-eabi/6.3.1/armv7e-m/fpu/crti.o
                0x08009de0                _fini
 .fini          0x08009de4        0x8 c:/program files (x86)/atollic/truestudio for stm32 9.3.0/armtools/bin/../lib/gcc/arm-atollic-eabi/6.3.1/armv7e-m/fpu/crtn.o
                0x08009dec                . = ALIGN (0x4)
                0x08009dec                _etext = .

.vfp11_veneer   0x08009dec        0x0
 .vfp11_veneer  0x08009dec        0x0 linker stubs

.v4_bx          0x08009dec        0x0
 .v4_bx         0x08009dec        0x0 linker stubs

.iplt           0x08009dec        0x0
 .iplt          0x08009dec        0x0 c:/program files (x86)/atollic/truestudio for stm32 9.3.0/armtools/bin/../lib/gcc/arm-atollic-eabi/6.3.1/armv7e-m/fpu/crtbegin.o

.rodata         0x08009dec       0x1c
                0x08009dec                . = ALIGN (0x4)
 *(.rodata)
 .rodata        0x08009dec        0x4 Middlewares\ST\STM32_USB_Host_Library\Class\CDC\Src\usbh_cdc.o
 *(.rodata*)
 .rodata.AHBPrescTable
                0x08009df0       0x10 Core\Src\system_stm32f4xx.o
                0x08009df0                AHBPrescTable
 .rodata.APBPrescTable
                0x08009e00        0x8 Core\Src\system_stm32f4xx.o
                0x08009e00                APBPrescTable
                0x08009e08                . = ALIGN (0x4)

.ARM.extab
 *(.ARM.extab* .gnu.linkonce.armextab.*)

.ARM            0x08009e08        0x8
                0x08009e08                __exidx_start = .
 *(.ARM.exidx*)
 .ARM.exidx     0x08009e08        0x8 c:/program files (x86)/atollic/truestudio for stm32 9.3.0/armtools/bin/../lib/gcc/arm-atollic-eabi/6.3.1/armv7e-m/fpu\libgcc.a(_udivmoddi4.o)
                0x08009e10                __exidx_end = .

.rel.dyn        0x08009e10        0x0
 .rel.iplt      0x08009e10        0x0 c:/program files (x86)/atollic/truestudio for stm32 9.3.0/armtools/bin/../lib/gcc/arm-atollic-eabi/6.3.1/armv7e-m/fpu/crtbegin.o

.preinit_array  0x08009e10        0x0
                0x08009e10                PROVIDE (__preinit_array_start, .)
 *(.preinit_array*)
                0x08009e10                PROVIDE (__preinit_array_end, .)

.init_array     0x08009e10        0x4
                0x08009e10                PROVIDE (__init_array_start, .)
 *(SORT(.init_array.*))
 *(.init_array*)
 .init_array    0x08009e10        0x4 c:/program files (x86)/atollic/truestudio for stm32 9.3.0/armtools/bin/../lib/gcc/arm-atollic-eabi/6.3.1/armv7e-m/fpu/crtbegin.o
                0x08009e14                PROVIDE (__init_array_end, .)

.fini_array     0x08009e14        0x4
                [!provide]                PROVIDE (__fini_array_start, .)
 *(SORT(.fini_array.*))
 *(.fini_array*)
 .fini_array    0x08009e14        0x4 c:/program files (x86)/atollic/truestudio for stm32 9.3.0/armtools/bin/../lib/gcc/arm-atollic-eabi/6.3.1/armv7e-m/fpu/crtbegin.o
                [!provide]                PROVIDE (__fini_array_end, .)
                0x08009e18                _sidata = LOADADDR (.data)

.data           0x20000000       0x90 load address 0x08009e18
                0x20000000                . = ALIGN (0x4)
                0x20000000                _sdata = .
 *(.data)
 *(.data*)
 .data.SystemCoreClock
                0x20000000        0x4 Core\Src\system_stm32f4xx.o
                0x20000000                SystemCoreClock
 .data.uwTickPrio
                0x20000004        0x4 Drivers\STM32F4xx_HAL_Driver\Src\stm32f4xx_hal.o
                0x20000004                uwTickPrio
 .data.uwTickFreq
                0x20000008        0x1 Drivers\STM32F4xx_HAL_Driver\Src\stm32f4xx_hal.o
                0x20000008                uwTickFreq
 *fill*         0x20000009        0x3 
 .data.CDC_Class
                0x2000000c       0x20 Middlewares\ST\STM32_USB_Host_Library\Class\CDC\Src\usbh_cdc.o
                0x2000000c                CDC_Class
 .data._impure_ptr
                0x2000002c        0x4 c:/program files (x86)/atollic/truestudio for stm32 9.3.0/armtools/bin/../lib/gcc/arm-atollic-eabi/6.3.1/../../../../arm-atollic-eabi/lib/armv7e-m/fpu\libc_nano.a(lib_a-impure.o)
                0x2000002c                _impure_ptr
 .data.impure_data
                0x20000030       0x60 c:/program files (x86)/atollic/truestudio for stm32 9.3.0/armtools/bin/../lib/gcc/arm-atollic-eabi/6.3.1/../../../../arm-atollic-eabi/lib/armv7e-m/fpu\libc_nano.a(lib_a-impure.o)
                0x20000090                . = ALIGN (0x4)
                0x20000090                _edata = .
                0x08009ea8                _siccmram = LOADADDR (.ccmram)

.igot.plt       0x20000090        0x0 load address 0x08009ea8
 .igot.plt      0x20000090        0x0 c:/program files (x86)/atollic/truestudio for stm32 9.3.0/armtools/bin/../lib/gcc/arm-atollic-eabi/6.3.1/armv7e-m/fpu/crtbegin.o

.ccmram         0x10000000        0x0 load address 0x08009ea8
                0x10000000                . = ALIGN (0x4)
                0x10000000                _sccmram = .
 *(.ccmram)
 *(.ccmram*)
                0x10000000                . = ALIGN (0x4)
                0x10000000                _eccmram = .
                0x10000000                . = ALIGN (0x4)

.bss            0x20000090      0x848
                0x20000090                _sbss = .
                0x20000090                __bss_start__ = _sbss
 *(.bss)
 .bss           0x20000090       0x1c c:/program files (x86)/atollic/truestudio for stm32 9.3.0/armtools/bin/../lib/gcc/arm-atollic-eabi/6.3.1/armv7e-m/fpu/crtbegin.o
 *(.bss*)
 .bss.heap_end.7010
                0x200000ac        0x4 Core\Src\syscalls.o
 .bss.tmpreg.8920
                0x200000b0        0x4 Drivers\STM32F4xx_HAL_Driver\Src\stm32f4xx_ll_usb.o
 .bss.Appli_state
                0x200000b4        0x1 USB_HOST\App\usb_host.o
                0x200000b4                Appli_state
 *fill*         0x200000b5        0x3 
 .bss.__malloc_free_list
                0x200000b8        0x4 c:/program files (x86)/atollic/truestudio for stm32 9.3.0/armtools/bin/../lib/gcc/arm-atollic-eabi/6.3.1/../../../../arm-atollic-eabi/lib/armv7e-m/fpu\libc_nano.a(lib_a-nano-mallocr.o)
                0x200000b8                __malloc_free_list
 .bss.__malloc_sbrk_start
                0x200000bc        0x4 c:/program files (x86)/atollic/truestudio for stm32 9.3.0/armtools/bin/../lib/gcc/arm-atollic-eabi/6.3.1/../../../../arm-atollic-eabi/lib/armv7e-m/fpu\libc_nano.a(lib_a-nano-mallocr.o)
                0x200000bc                __malloc_sbrk_start
 *(COMMON)
 COMMON         0x200000c0       0x54 Core\Src\i2c.o
                0x200000c0                hi2c1
 COMMON         0x20000114       0x48 Core\Src\i2s.o
                0x20000114                hi2s3
 COMMON         0x2000015c       0x58 Core\Src\spi.o
                0x2000015c                hspi1
 COMMON         0x200001b4       0x40 Core\Src\tim.o
                0x200001b4                htim1
 COMMON         0x200001f4       0x40 Core\Src\usart.o
                0x200001f4                huart2
 COMMON         0x20000234        0x4 Drivers\STM32F4xx_HAL_Driver\Src\stm32f4xx_hal.o
                0x20000234                uwTick
 COMMON         0x20000238      0x3d8 USB_HOST\App\usb_host.o
                0x20000238                hUsbHostFS
 COMMON         0x20000610      0x2c4 USB_HOST\Target\usbh_conf.o
                0x20000610                hhcd_USB_OTG_FS
 COMMON         0x200008d4        0x4 c:/program files (x86)/atollic/truestudio for stm32 9.3.0/armtools/bin/../lib/gcc/arm-atollic-eabi/6.3.1/../../../../arm-atollic-eabi/lib/armv7e-m/fpu\libc_nano.a(lib_a-reent.o)
                0x200008d4                errno
                0x200008d8                . = ALIGN (0x4)
                0x200008d8                _ebss = .
                0x200008d8                __bss_end__ = _ebss

._user_heap_stack
                0x200008d8      0x600
                0x200008d8                . = ALIGN (0x4)
                0x200008d8                PROVIDE (end, .)
                [!provide]                PROVIDE (_end, .)
                0x20000ad8                . = (. + _Min_Heap_Size)
 *fill*         0x200008d8      0x200 
                0x20000ed8                . = (. + _Min_Stack_Size)
 *fill*         0x20000ad8      0x400 
                0x20000ed8                . = ALIGN (0x4)

/DISCARD/
 libc.a(*)
 libm.a(*)
 libgcc.a(*)

.ARM.attributes
                0x00000000       0x30
 *(.ARM.attributes)
 .ARM.attributes
                0x00000000       0x22 c:/program files (x86)/atollic/truestudio for stm32 9.3.0/armtools/bin/../lib/gcc/arm-atollic-eabi/6.3.1/armv7e-m/fpu/crti.o
 .ARM.attributes
                0x00000022       0x34 c:/program files (x86)/atollic/truestudio for stm32 9.3.0/armtools/bin/../lib/gcc/arm-atollic-eabi/6.3.1/armv7e-m/fpu/crtbegin.o
 .ARM.attributes
                0x00000056       0x39 Core\Src\gpio.o
 .ARM.attributes
                0x0000008f       0x39 Core\Src\i2c.o
 .ARM.attributes
                0x000000c8       0x39 Core\Src\i2s.o
 .ARM.attributes
                0x00000101       0x39 Core\Src\main.o
 .ARM.attributes
                0x0000013a       0x39 Core\Src\spi.o
 .ARM.attributes
                0x00000173       0x39 Core\Src\stm32f4xx_hal_msp.o
 .ARM.attributes
                0x000001ac       0x39 Core\Src\stm32f4xx_it.o
 .ARM.attributes
                0x000001e5       0x39 Core\Src\syscalls.o
 .ARM.attributes
                0x0000021e       0x39 Core\Src\system_stm32f4xx.o
 .ARM.attributes
                0x00000257       0x39 Core\Src\tim.o
 .ARM.attributes
                0x00000290       0x39 Core\Src\usart.o
 .ARM.attributes
                0x000002c9       0x39 Drivers\STM32F4xx_HAL_Driver\Src\stm32f4xx_hal.o
 .ARM.attributes
                0x00000302       0x39 Drivers\STM32F4xx_HAL_Driver\Src\stm32f4xx_hal_cortex.o
 .ARM.attributes
                0x0000033b       0x39 Drivers\STM32F4xx_HAL_Driver\Src\stm32f4xx_hal_gpio.o
 .ARM.attributes
                0x00000374       0x39 Drivers\STM32F4xx_HAL_Driver\Src\stm32f4xx_hal_hcd.o
 .ARM.attributes
                0x000003ad       0x39 Drivers\STM32F4xx_HAL_Driver\Src\stm32f4xx_hal_i2c.o
 .ARM.attributes
                0x000003e6       0x39 Drivers\STM32F4xx_HAL_Driver\Src\stm32f4xx_hal_i2s.o
 .ARM.attributes
                0x0000041f       0x39 Drivers\STM32F4xx_HAL_Driver\Src\stm32f4xx_hal_i2s_ex.o
 .ARM.attributes
                0x00000458       0x39 Drivers\STM32F4xx_HAL_Driver\Src\stm32f4xx_hal_rcc.o
 .ARM.attributes
                0x00000491       0x39 Drivers\STM32F4xx_HAL_Driver\Src\stm32f4xx_hal_rcc_ex.o
 .ARM.attributes
                0x000004ca       0x39 Drivers\STM32F4xx_HAL_Driver\Src\stm32f4xx_hal_spi.o
 .ARM.attributes
                0x00000503       0x39 Drivers\STM32F4xx_HAL_Driver\Src\stm32f4xx_hal_tim.o
 .ARM.attributes
                0x0000053c       0x39 Drivers\STM32F4xx_HAL_Driver\Src\stm32f4xx_hal_tim_ex.o
 .ARM.attributes
                0x00000575       0x39 Drivers\STM32F4xx_HAL_Driver\Src\stm32f4xx_hal_uart.o
 .ARM.attributes
                0x000005ae       0x39 Drivers\STM32F4xx_HAL_Driver\Src\stm32f4xx_ll_usb.o
 .ARM.attributes
                0x000005e7       0x39 Middlewares\ST\STM32_USB_Host_Library\Class\CDC\Src\usbh_cdc.o
 .ARM.attributes
                0x00000620       0x39 Middlewares\ST\STM32_USB_Host_Library\Core\Src\usbh_core.o
 .ARM.attributes
                0x00000659       0x39 Middlewares\ST\STM32_USB_Host_Library\Core\Src\usbh_ctlreq.o
 .ARM.attributes
                0x00000692       0x39 Middlewares\ST\STM32_USB_Host_Library\Core\Src\usbh_ioreq.o
 .ARM.attributes
                0x000006cb       0x39 Middlewares\ST\STM32_USB_Host_Library\Core\Src\usbh_pipes.o
 .ARM.attributes
                0x00000704       0x39 USB_HOST\App\usb_host.o
 .ARM.attributes
                0x0000073d       0x39 USB_HOST\Target\usbh_conf.o
 .ARM.attributes
                0x00000776       0x39 USB_HOST\Target\usbh_platform.o
 .ARM.attributes
                0x000007af       0x21 startup\startup_stm32f407xx.o
 .ARM.attributes
                0x000007d0       0x34 c:/program files (x86)/atollic/truestudio for stm32 9.3.0/armtools/bin/../lib/gcc/arm-atollic-eabi/6.3.1/../../../../arm-atollic-eabi/lib/armv7e-m/fpu\libc_nano.a(lib_a-errno.o)
 .ARM.attributes
                0x00000804       0x34 c:/program files (x86)/atollic/truestudio for stm32 9.3.0/armtools/bin/../lib/gcc/arm-atollic-eabi/6.3.1/../../../../arm-atollic-eabi/lib/armv7e-m/fpu\libc_nano.a(lib_a-impure.o)
 .ARM.attributes
                0x00000838       0x34 c:/program files (x86)/atollic/truestudio for stm32 9.3.0/armtools/bin/../lib/gcc/arm-atollic-eabi/6.3.1/../../../../arm-atollic-eabi/lib/armv7e-m/fpu\libc_nano.a(lib_a-init.o)
 .ARM.attributes
                0x0000086c       0x34 c:/program files (x86)/atollic/truestudio for stm32 9.3.0/armtools/bin/../lib/gcc/arm-atollic-eabi/6.3.1/../../../../arm-atollic-eabi/lib/armv7e-m/fpu\libc_nano.a(lib_a-malloc.o)
 .ARM.attributes
                0x000008a0       0x34 c:/program files (x86)/atollic/truestudio for stm32 9.3.0/armtools/bin/../lib/gcc/arm-atollic-eabi/6.3.1/../../../../arm-atollic-eabi/lib/armv7e-m/fpu\libc_nano.a(lib_a-memset.o)
 .ARM.attributes
                0x000008d4       0x34 c:/program files (x86)/atollic/truestudio for stm32 9.3.0/armtools/bin/../lib/gcc/arm-atollic-eabi/6.3.1/../../../../arm-atollic-eabi/lib/armv7e-m/fpu\libc_nano.a(lib_a-nano-freer.o)
 .ARM.attributes
                0x00000908       0x34 c:/program files (x86)/atollic/truestudio for stm32 9.3.0/armtools/bin/../lib/gcc/arm-atollic-eabi/6.3.1/../../../../arm-atollic-eabi/lib/armv7e-m/fpu\libc_nano.a(lib_a-nano-mallocr.o)
 .ARM.attributes
                0x0000093c       0x34 c:/program files (x86)/atollic/truestudio for stm32 9.3.0/armtools/bin/../lib/gcc/arm-atollic-eabi/6.3.1/../../../../arm-atollic-eabi/lib/armv7e-m/fpu\libc_nano.a(lib_a-sbrkr.o)
 .ARM.attributes
                0x00000970       0x34 c:/program files (x86)/atollic/truestudio for stm32 9.3.0/armtools/bin/../lib/gcc/arm-atollic-eabi/6.3.1/../../../../arm-atollic-eabi/lib/armv7e-m/fpu\libc_nano.a(lib_a-mlock.o)
 .ARM.attributes
                0x000009a4       0x34 c:/program files (x86)/atollic/truestudio for stm32 9.3.0/armtools/bin/../lib/gcc/arm-atollic-eabi/6.3.1/../../../../arm-atollic-eabi/lib/armv7e-m/fpu\libc_nano.a(lib_a-reent.o)
 .ARM.attributes
                0x000009d8       0x22 c:/program files (x86)/atollic/truestudio for stm32 9.3.0/armtools/bin/../lib/gcc/arm-atollic-eabi/6.3.1/armv7e-m/fpu\libgcc.a(_arm_muldivdf3.o)
 .ARM.attributes
                0x000009fa       0x22 c:/program files (x86)/atollic/truestudio for stm32 9.3.0/armtools/bin/../lib/gcc/arm-atollic-eabi/6.3.1/armv7e-m/fpu\libgcc.a(_arm_cmpdf2.o)
 .ARM.attributes
                0x00000a1c       0x22 c:/program files (x86)/atollic/truestudio for stm32 9.3.0/armtools/bin/../lib/gcc/arm-atollic-eabi/6.3.1/armv7e-m/fpu\libgcc.a(_arm_fixdfsi.o)
 .ARM.attributes
                0x00000a3e       0x22 c:/program files (x86)/atollic/truestudio for stm32 9.3.0/armtools/bin/../lib/gcc/arm-atollic-eabi/6.3.1/armv7e-m/fpu\libgcc.a(_aeabi_uldivmod.o)
 .ARM.attributes
                0x00000a60       0x34 c:/program files (x86)/atollic/truestudio for stm32 9.3.0/armtools/bin/../lib/gcc/arm-atollic-eabi/6.3.1/armv7e-m/fpu\libgcc.a(_udivmoddi4.o)
 .ARM.attributes
                0x00000a94       0x22 c:/program files (x86)/atollic/truestudio for stm32 9.3.0/armtools/bin/../lib/gcc/arm-atollic-eabi/6.3.1/armv7e-m/fpu\libgcc.a(_dvmd_tls.o)
 .ARM.attributes
                0x00000ab6       0x22 c:/program files (x86)/atollic/truestudio for stm32 9.3.0/armtools/bin/../lib/gcc/arm-atollic-eabi/6.3.1/armv7e-m/fpu/crtn.o
OUTPUT(gittaWheelsController.elf elf32-littlearm)

.debug_info     0x00000000    0x204dc
 .debug_info    0x00000000      0x501 Core\Src\gpio.o
 .debug_info    0x00000501      0x9d6 Core\Src\i2c.o
 .debug_info    0x00000ed7      0x9a6 Core\Src\i2s.o
 .debug_info    0x0000187d     0x15c3 Core\Src\main.o
 .debug_info    0x00002e40      0x9b5 Core\Src\spi.o
 .debug_info    0x000037f5      0x364 Core\Src\stm32f4xx_hal_msp.o
 .debug_info    0x00003b59      0x6b2 Core\Src\stm32f4xx_it.o
 .debug_info    0x0000420b      0xf16 Core\Src\syscalls.o
 .debug_info    0x00005121      0x556 Core\Src\system_stm32f4xx.o
 .debug_info    0x00005677      0xb73 Core\Src\tim.o
 .debug_info    0x000061ea      0x948 Core\Src\usart.o
 .debug_info    0x00006b32      0x944 Drivers\STM32F4xx_HAL_Driver\Src\stm32f4xx_hal.o
 .debug_info    0x00007476      0xe28 Drivers\STM32F4xx_HAL_Driver\Src\stm32f4xx_hal_cortex.o
 .debug_info    0x0000829e      0x7b4 Drivers\STM32F4xx_HAL_Driver\Src\stm32f4xx_hal_gpio.o
 .debug_info    0x00008a52      0xe5b Drivers\STM32F4xx_HAL_Driver\Src\stm32f4xx_hal_hcd.o
 .debug_info    0x000098ad     0x2422 Drivers\STM32F4xx_HAL_Driver\Src\stm32f4xx_hal_i2c.o
 .debug_info    0x0000bccf      0xe5b Drivers\STM32F4xx_HAL_Driver\Src\stm32f4xx_hal_i2s.o
 .debug_info    0x0000cb2a      0xb72 Drivers\STM32F4xx_HAL_Driver\Src\stm32f4xx_hal_i2s_ex.o
 .debug_info    0x0000d69c      0x903 Drivers\STM32F4xx_HAL_Driver\Src\stm32f4xx_hal_rcc.o
 .debug_info    0x0000df9f      0x5ad Drivers\STM32F4xx_HAL_Driver\Src\stm32f4xx_hal_rcc_ex.o
 .debug_info    0x0000e54c     0x1637 Drivers\STM32F4xx_HAL_Driver\Src\stm32f4xx_hal_spi.o
 .debug_info    0x0000fb83     0x24a4 Drivers\STM32F4xx_HAL_Driver\Src\stm32f4xx_hal_tim.o
 .debug_info    0x00012027     0x1153 Drivers\STM32F4xx_HAL_Driver\Src\stm32f4xx_hal_tim_ex.o
 .debug_info    0x0001317a     0x1249 Drivers\STM32F4xx_HAL_Driver\Src\stm32f4xx_hal_uart.o
 .debug_info    0x000143c3     0x18d9 Drivers\STM32F4xx_HAL_Driver\Src\stm32f4xx_ll_usb.o
 .debug_info    0x00015c9c     0x1acd Middlewares\ST\STM32_USB_Host_Library\Class\CDC\Src\usbh_cdc.o
 .debug_info    0x00017769     0x16ae Middlewares\ST\STM32_USB_Host_Library\Core\Src\usbh_core.o
 .debug_info    0x00018e17     0x176e Middlewares\ST\STM32_USB_Host_Library\Core\Src\usbh_ctlreq.o
 .debug_info    0x0001a585     0x14db Middlewares\ST\STM32_USB_Host_Library\Core\Src\usbh_ioreq.o
 .debug_info    0x0001ba60     0x131e Middlewares\ST\STM32_USB_Host_Library\Core\Src\usbh_pipes.o
 .debug_info    0x0001cd7e     0x1271 USB_HOST\App\usb_host.o
 .debug_info    0x0001dfef     0x21f4 USB_HOST\Target\usbh_conf.o
 .debug_info    0x000201e3      0x27b USB_HOST\Target\usbh_platform.o
 .debug_info    0x0002045e       0x7e startup\startup_stm32f407xx.o

.debug_abbrev   0x00000000     0x44f7
 .debug_abbrev  0x00000000      0x12f Core\Src\gpio.o
 .debug_abbrev  0x0000012f      0x194 Core\Src\i2c.o
 .debug_abbrev  0x000002c3      0x194 Core\Src\i2s.o
 .debug_abbrev  0x00000457      0x250 Core\Src\main.o
 .debug_abbrev  0x000006a7      0x194 Core\Src\spi.o
 .debug_abbrev  0x0000083b      0x104 Core\Src\stm32f4xx_hal_msp.o
 .debug_abbrev  0x0000093f      0x15f Core\Src\stm32f4xx_it.o
 .debug_abbrev  0x00000a9e      0x271 Core\Src\syscalls.o
 .debug_abbrev  0x00000d0f      0x126 Core\Src\system_stm32f4xx.o
 .debug_abbrev  0x00000e35      0x1b2 Core\Src\tim.o
 .debug_abbrev  0x00000fe7      0x194 Core\Src\usart.o
 .debug_abbrev  0x0000117b      0x1c2 Drivers\STM32F4xx_HAL_Driver\Src\stm32f4xx_hal.o
 .debug_abbrev  0x0000133d      0x2f5 Drivers\STM32F4xx_HAL_Driver\Src\stm32f4xx_hal_cortex.o
 .debug_abbrev  0x00001632      0x1c4 Drivers\STM32F4xx_HAL_Driver\Src\stm32f4xx_hal_gpio.o
 .debug_abbrev  0x000017f6      0x250 Drivers\STM32F4xx_HAL_Driver\Src\stm32f4xx_hal_hcd.o
 .debug_abbrev  0x00001a46      0x24f Drivers\STM32F4xx_HAL_Driver\Src\stm32f4xx_hal_i2c.o
 .debug_abbrev  0x00001c95      0x216 Drivers\STM32F4xx_HAL_Driver\Src\stm32f4xx_hal_i2s.o
 .debug_abbrev  0x00001eab      0x241 Drivers\STM32F4xx_HAL_Driver\Src\stm32f4xx_hal_i2s_ex.o
 .debug_abbrev  0x000020ec      0x240 Drivers\STM32F4xx_HAL_Driver\Src\stm32f4xx_hal_rcc.o
 .debug_abbrev  0x0000232c      0x16e Drivers\STM32F4xx_HAL_Driver\Src\stm32f4xx_hal_rcc_ex.o
 .debug_abbrev  0x0000249a      0x23b Drivers\STM32F4xx_HAL_Driver\Src\stm32f4xx_hal_spi.o
 .debug_abbrev  0x000026d5      0x229 Drivers\STM32F4xx_HAL_Driver\Src\stm32f4xx_hal_tim.o
 .debug_abbrev  0x000028fe      0x217 Drivers\STM32F4xx_HAL_Driver\Src\stm32f4xx_hal_tim_ex.o
 .debug_abbrev  0x00002b15      0x23d Drivers\STM32F4xx_HAL_Driver\Src\stm32f4xx_hal_uart.o
 .debug_abbrev  0x00002d52      0x265 Drivers\STM32F4xx_HAL_Driver\Src\stm32f4xx_ll_usb.o
 .debug_abbrev  0x00002fb7      0x301 Middlewares\ST\STM32_USB_Host_Library\Class\CDC\Src\usbh_cdc.o
 .debug_abbrev  0x000032b8      0x35b Middlewares\ST\STM32_USB_Host_Library\Core\Src\usbh_core.o
 .debug_abbrev  0x00003613      0x314 Middlewares\ST\STM32_USB_Host_Library\Core\Src\usbh_ctlreq.o
 .debug_abbrev  0x00003927      0x272 Middlewares\ST\STM32_USB_Host_Library\Core\Src\usbh_ioreq.o
 .debug_abbrev  0x00003b99      0x2aa Middlewares\ST\STM32_USB_Host_Library\Core\Src\usbh_pipes.o
 .debug_abbrev  0x00003e43      0x261 USB_HOST\App\usb_host.o
 .debug_abbrev  0x000040a4      0x342 USB_HOST\Target\usbh_conf.o
 .debug_abbrev  0x000043e6       0xff USB_HOST\Target\usbh_platform.o
 .debug_abbrev  0x000044e5       0x12 startup\startup_stm32f407xx.o

.debug_aranges  0x00000000     0x1940
 .debug_aranges
                0x00000000       0x20 Core\Src\gpio.o
 .debug_aranges
                0x00000020       0x30 Core\Src\i2c.o
 .debug_aranges
                0x00000050       0x30 Core\Src\i2s.o
 .debug_aranges
                0x00000080       0x48 Core\Src\main.o
 .debug_aranges
                0x000000c8       0x30 Core\Src\spi.o
 .debug_aranges
                0x000000f8       0x20 Core\Src\stm32f4xx_hal_msp.o
 .debug_aranges
                0x00000118       0x68 Core\Src\stm32f4xx_it.o
 .debug_aranges
                0x00000180       0xb0 Core\Src\syscalls.o
 .debug_aranges
                0x00000230       0x28 Core\Src\system_stm32f4xx.o
 .debug_aranges
                0x00000258       0x38 Core\Src\tim.o
 .debug_aranges
                0x00000290       0x30 Core\Src\usart.o
 .debug_aranges
                0x000002c0       0xf0 Drivers\STM32F4xx_HAL_Driver\Src\stm32f4xx_hal.o
 .debug_aranges
                0x000003b0      0x118 Drivers\STM32F4xx_HAL_Driver\Src\stm32f4xx_hal_cortex.o
 .debug_aranges
                0x000004c8       0x58 Drivers\STM32F4xx_HAL_Driver\Src\stm32f4xx_hal_gpio.o
 .debug_aranges
                0x00000520       0xf8 Drivers\STM32F4xx_HAL_Driver\Src\stm32f4xx_hal_hcd.o
 .debug_aranges
                0x00000618      0x2a0 Drivers\STM32F4xx_HAL_Driver\Src\stm32f4xx_hal_i2c.o
 .debug_aranges
                0x000008b8      0x108 Drivers\STM32F4xx_HAL_Driver\Src\stm32f4xx_hal_i2s.o
 .debug_aranges
                0x000009c0       0x88 Drivers\STM32F4xx_HAL_Driver\Src\stm32f4xx_hal_i2s_ex.o
 .debug_aranges
                0x00000a48       0x88 Drivers\STM32F4xx_HAL_Driver\Src\stm32f4xx_hal_rcc.o
 .debug_aranges
                0x00000ad0       0x48 Drivers\STM32F4xx_HAL_Driver\Src\stm32f4xx_hal_rcc_ex.o
 .debug_aranges
                0x00000b18      0x1d0 Drivers\STM32F4xx_HAL_Driver\Src\stm32f4xx_hal_spi.o
 .debug_aranges
                0x00000ce8      0x3a8 Drivers\STM32F4xx_HAL_Driver\Src\stm32f4xx_hal_tim.o
 .debug_aranges
                0x00001090      0x150 Drivers\STM32F4xx_HAL_Driver\Src\stm32f4xx_hal_tim_ex.o
 .debug_aranges
                0x000011e0      0x1d0 Drivers\STM32F4xx_HAL_Driver\Src\stm32f4xx_hal_uart.o
 .debug_aranges
                0x000013b0      0x198 Drivers\STM32F4xx_HAL_Driver\Src\stm32f4xx_ll_usb.o
 .debug_aranges
                0x00001548       0xa8 Middlewares\ST\STM32_USB_Host_Library\Class\CDC\Src\usbh_cdc.o
 .debug_aranges
                0x000015f0       0xc0 Middlewares\ST\STM32_USB_Host_Library\Core\Src\usbh_core.o
 .debug_aranges
                0x000016b0       0xa0 Middlewares\ST\STM32_USB_Host_Library\Core\Src\usbh_ctlreq.o
 .debug_aranges
                0x00001750       0x60 Middlewares\ST\STM32_USB_Host_Library\Core\Src\usbh_ioreq.o
 .debug_aranges
                0x000017b0       0x40 Middlewares\ST\STM32_USB_Host_Library\Core\Src\usbh_pipes.o
 .debug_aranges
                0x000017f0       0x30 USB_HOST\App\usb_host.o
 .debug_aranges
                0x00001820       0xd8 USB_HOST\Target\usbh_conf.o
 .debug_aranges
                0x000018f8       0x20 USB_HOST\Target\usbh_platform.o
 .debug_aranges
                0x00001918       0x28 startup\startup_stm32f407xx.o

.debug_ranges   0x00000000     0x1750
 .debug_ranges  0x00000000       0x10 Core\Src\gpio.o
 .debug_ranges  0x00000010       0x20 Core\Src\i2c.o
 .debug_ranges  0x00000030       0x20 Core\Src\i2s.o
 .debug_ranges  0x00000050       0x38 Core\Src\main.o
 .debug_ranges  0x00000088       0x20 Core\Src\spi.o
 .debug_ranges  0x000000a8       0x10 Core\Src\stm32f4xx_hal_msp.o
 .debug_ranges  0x000000b8       0x58 Core\Src\stm32f4xx_it.o
 .debug_ranges  0x00000110       0xa0 Core\Src\syscalls.o
 .debug_ranges  0x000001b0       0x18 Core\Src\system_stm32f4xx.o
 .debug_ranges  0x000001c8       0x28 Core\Src\tim.o
 .debug_ranges  0x000001f0       0x20 Core\Src\usart.o
 .debug_ranges  0x00000210       0xe0 Drivers\STM32F4xx_HAL_Driver\Src\stm32f4xx_hal.o
 .debug_ranges  0x000002f0      0x108 Drivers\STM32F4xx_HAL_Driver\Src\stm32f4xx_hal_cortex.o
 .debug_ranges  0x000003f8       0x48 Drivers\STM32F4xx_HAL_Driver\Src\stm32f4xx_hal_gpio.o
 .debug_ranges  0x00000440       0xe8 Drivers\STM32F4xx_HAL_Driver\Src\stm32f4xx_hal_hcd.o
 .debug_ranges  0x00000528      0x2b8 Drivers\STM32F4xx_HAL_Driver\Src\stm32f4xx_hal_i2c.o
 .debug_ranges  0x000007e0       0xf8 Drivers\STM32F4xx_HAL_Driver\Src\stm32f4xx_hal_i2s.o
 .debug_ranges  0x000008d8       0x78 Drivers\STM32F4xx_HAL_Driver\Src\stm32f4xx_hal_i2s_ex.o
 .debug_ranges  0x00000950       0x78 Drivers\STM32F4xx_HAL_Driver\Src\stm32f4xx_hal_rcc.o
 .debug_ranges  0x000009c8       0x38 Drivers\STM32F4xx_HAL_Driver\Src\stm32f4xx_hal_rcc_ex.o
 .debug_ranges  0x00000a00      0x1c0 Drivers\STM32F4xx_HAL_Driver\Src\stm32f4xx_hal_spi.o
 .debug_ranges  0x00000bc0      0x398 Drivers\STM32F4xx_HAL_Driver\Src\stm32f4xx_hal_tim.o
 .debug_ranges  0x00000f58      0x140 Drivers\STM32F4xx_HAL_Driver\Src\stm32f4xx_hal_tim_ex.o
 .debug_ranges  0x00001098      0x1c0 Drivers\STM32F4xx_HAL_Driver\Src\stm32f4xx_hal_uart.o
 .debug_ranges  0x00001258      0x188 Drivers\STM32F4xx_HAL_Driver\Src\stm32f4xx_ll_usb.o
 .debug_ranges  0x000013e0       0x98 Middlewares\ST\STM32_USB_Host_Library\Class\CDC\Src\usbh_cdc.o
 .debug_ranges  0x00001478       0xb0 Middlewares\ST\STM32_USB_Host_Library\Core\Src\usbh_core.o
 .debug_ranges  0x00001528       0x90 Middlewares\ST\STM32_USB_Host_Library\Core\Src\usbh_ctlreq.o
 .debug_ranges  0x000015b8       0x50 Middlewares\ST\STM32_USB_Host_Library\Core\Src\usbh_ioreq.o
 .debug_ranges  0x00001608       0x30 Middlewares\ST\STM32_USB_Host_Library\Core\Src\usbh_pipes.o
 .debug_ranges  0x00001638       0x20 USB_HOST\App\usb_host.o
 .debug_ranges  0x00001658       0xc8 USB_HOST\Target\usbh_conf.o
 .debug_ranges  0x00001720       0x10 USB_HOST\Target\usbh_platform.o
 .debug_ranges  0x00001730       0x20 startup\startup_stm32f407xx.o

.debug_line     0x00000000     0xc893
 .debug_line    0x00000000      0x227 Core\Src\gpio.o
 .debug_line    0x00000227      0x285 Core\Src\i2c.o
 .debug_line    0x000004ac      0x28c Core\Src\i2s.o
 .debug_line    0x00000738      0x411 Core\Src\main.o
 .debug_line    0x00000b49      0x287 Core\Src\spi.o
 .debug_line    0x00000dd0      0x1eb Core\Src\stm32f4xx_hal_msp.o
 .debug_line    0x00000fbb      0x2d2 Core\Src\stm32f4xx_it.o
 .debug_line    0x0000128d      0x3dd Core\Src\syscalls.o
 .debug_line    0x0000166a      0x20f Core\Src\system_stm32f4xx.o
 .debug_line    0x00001879      0x2ba Core\Src\tim.o
 .debug_line    0x00001b33      0x288 Core\Src\usart.o
 .debug_line    0x00001dbb      0x41f Drivers\STM32F4xx_HAL_Driver\Src\stm32f4xx_hal.o
 .debug_line    0x000021da      0x553 Drivers\STM32F4xx_HAL_Driver\Src\stm32f4xx_hal_cortex.o
 .debug_line    0x0000272d      0x416 Drivers\STM32F4xx_HAL_Driver\Src\stm32f4xx_hal_gpio.o
 .debug_line    0x00002b43      0x6ec Drivers\STM32F4xx_HAL_Driver\Src\stm32f4xx_hal_hcd.o
 .debug_line    0x0000322f     0x16fb Drivers\STM32F4xx_HAL_Driver\Src\stm32f4xx_hal_i2c.o
 .debug_line    0x0000492a      0x8e9 Drivers\STM32F4xx_HAL_Driver\Src\stm32f4xx_hal_i2s.o
 .debug_line    0x00005213      0xa15 Drivers\STM32F4xx_HAL_Driver\Src\stm32f4xx_hal_i2s_ex.o
 .debug_line    0x00005c28      0x4c0 Drivers\STM32F4xx_HAL_Driver\Src\stm32f4xx_hal_rcc.o
 .debug_line    0x000060e8      0x35a Drivers\STM32F4xx_HAL_Driver\Src\stm32f4xx_hal_rcc_ex.o
 .debug_line    0x00006442      0xc03 Drivers\STM32F4xx_HAL_Driver\Src\stm32f4xx_hal_spi.o
 .debug_line    0x00007045     0x14c6 Drivers\STM32F4xx_HAL_Driver\Src\stm32f4xx_hal_tim.o
 .debug_line    0x0000850b      0x87d Drivers\STM32F4xx_HAL_Driver\Src\stm32f4xx_hal_tim_ex.o
 .debug_line    0x00008d88      0xb5c Drivers\STM32F4xx_HAL_Driver\Src\stm32f4xx_hal_uart.o
 .debug_line    0x000098e4      0x992 Drivers\STM32F4xx_HAL_Driver\Src\stm32f4xx_ll_usb.o
 .debug_line    0x0000a276      0x5d6 Middlewares\ST\STM32_USB_Host_Library\Class\CDC\Src\usbh_cdc.o
 .debug_line    0x0000a84c      0x701 Middlewares\ST\STM32_USB_Host_Library\Core\Src\usbh_core.o
 .debug_line    0x0000af4d      0x5e8 Middlewares\ST\STM32_USB_Host_Library\Core\Src\usbh_ctlreq.o
 .debug_line    0x0000b535      0x3ee Middlewares\ST\STM32_USB_Host_Library\Core\Src\usbh_ioreq.o
 .debug_line    0x0000b923      0x3a6 Middlewares\ST\STM32_USB_Host_Library\Core\Src\usbh_pipes.o
 .debug_line    0x0000bcc9      0x3a7 USB_HOST\App\usb_host.o
 .debug_line    0x0000c070      0x59e USB_HOST\Target\usbh_conf.o
 .debug_line    0x0000c60e      0x207 USB_HOST\Target\usbh_platform.o
 .debug_line    0x0000c815       0x7e startup\startup_stm32f407xx.o

.debug_str      0x00000000     0x77fd
 .debug_str     0x00000000      0x3e1 Core\Src\gpio.o
                                0x447 (size before relaxing)
 .debug_str     0x000003e1      0x4e6 Core\Src\i2c.o
                                0x948 (size before relaxing)
 .debug_str     0x000008c7      0x1dd Core\Src\i2s.o
                                0x895 (size before relaxing)
 .debug_str     0x00000aa4      0x6c4 Core\Src\main.o
                               0x11a0 (size before relaxing)
 .debug_str     0x00001168       0x4b Core\Src\spi.o
                                0x8a5 (size before relaxing)
 .debug_str     0x000011b3       0x2c Core\Src\stm32f4xx_hal_msp.o
                                0x3b6 (size before relaxing)
 .debug_str     0x000011df      0x42b Core\Src\stm32f4xx_it.o
                                0x75a (size before relaxing)
 .debug_str     0x0000160a      0x607 Core\Src\syscalls.o
                                0x85f (size before relaxing)
 .debug_str     0x00001c11       0xaf Core\Src\system_stm32f4xx.o
                                0x432 (size before relaxing)
 .debug_str     0x00001cc0      0x20e Core\Src\tim.o
                                0xa74 (size before relaxing)
 .debug_str     0x00001ece       0x57 Core\Src\usart.o
                                0x886 (size before relaxing)
 .debug_str     0x00001f25      0x7ae Drivers\STM32F4xx_HAL_Driver\Src\stm32f4xx_hal.o
                                0xb7f (size before relaxing)
 .debug_str     0x000026d3      0x492 Drivers\STM32F4xx_HAL_Driver\Src\stm32f4xx_hal_cortex.o
                                0xd03 (size before relaxing)
 .debug_str     0x00002b65      0x158 Drivers\STM32F4xx_HAL_Driver\Src\stm32f4xx_hal_gpio.o
                                0x5c9 (size before relaxing)
 .debug_str     0x00002cbd      0x3da Drivers\STM32F4xx_HAL_Driver\Src\stm32f4xx_hal_hcd.o
                                0xab9 (size before relaxing)
 .debug_str     0x00003097      0x88a Drivers\STM32F4xx_HAL_Driver\Src\stm32f4xx_hal_i2c.o
                               0x10a4 (size before relaxing)
 .debug_str     0x00003921      0x26b Drivers\STM32F4xx_HAL_Driver\Src\stm32f4xx_hal_i2s.o
                                0x9e5 (size before relaxing)
 .debug_str     0x00003b8c      0x1f1 Drivers\STM32F4xx_HAL_Driver\Src\stm32f4xx_hal_i2s_ex.o
                                0x939 (size before relaxing)
 .debug_str     0x00003d7d      0x1ae Drivers\STM32F4xx_HAL_Driver\Src\stm32f4xx_hal_rcc.o
                                0x780 (size before relaxing)
 .debug_str     0x00003f2b      0x113 Drivers\STM32F4xx_HAL_Driver\Src\stm32f4xx_hal_rcc_ex.o
                                0x57c (size before relaxing)
 .debug_str     0x0000403e      0x4e6 Drivers\STM32F4xx_HAL_Driver\Src\stm32f4xx_hal_spi.o
                                0xc76 (size before relaxing)
 .debug_str     0x00004524      0xd17 Drivers\STM32F4xx_HAL_Driver\Src\stm32f4xx_hal_tim.o
                               0x1553 (size before relaxing)
 .debug_str     0x0000523b      0x49b Drivers\STM32F4xx_HAL_Driver\Src\stm32f4xx_hal_tim_ex.o
                                0xd53 (size before relaxing)
 .debug_str     0x000056d6      0x50d Drivers\STM32F4xx_HAL_Driver\Src\stm32f4xx_hal_uart.o
                                0xc93 (size before relaxing)
 .debug_str     0x00005be3      0x626 Drivers\STM32F4xx_HAL_Driver\Src\stm32f4xx_ll_usb.o
                                0xd1b (size before relaxing)
 .debug_str     0x00006209      0xdbf Middlewares\ST\STM32_USB_Host_Library\Class\CDC\Src\usbh_cdc.o
                               0x157b (size before relaxing)
 .debug_str     0x00006fc8      0x213 Middlewares\ST\STM32_USB_Host_Library\Core\Src\usbh_core.o
                               0x1110 (size before relaxing)
 .debug_str     0x000071db      0x222 Middlewares\ST\STM32_USB_Host_Library\Core\Src\usbh_ctlreq.o
                               0x1182 (size before relaxing)
 .debug_str     0x000073fd       0xfe Middlewares\ST\STM32_USB_Host_Library\Core\Src\usbh_ioreq.o
                                0xffd (size before relaxing)
 .debug_str     0x000074fb       0x97 Middlewares\ST\STM32_USB_Host_Library\Core\Src\usbh_pipes.o
                                0xf82 (size before relaxing)
 .debug_str     0x00007592       0xc7 USB_HOST\App\usb_host.o
                                0xf99 (size before relaxing)
 .debug_str     0x00007659      0x171 USB_HOST\Target\usbh_conf.o
                               0x1c8d (size before relaxing)
 .debug_str     0x000077ca       0x33 USB_HOST\Target\usbh_platform.o
                                0x335 (size before relaxing)

.comment        0x00000000       0x7c
 .comment       0x00000000       0x7c Core\Src\gpio.o
                                 0x7d (size before relaxing)
 .comment       0x0000007c       0x7d Core\Src\i2c.o
 .comment       0x0000007c       0x7d Core\Src\i2s.o
 .comment       0x0000007c       0x7d Core\Src\main.o
 .comment       0x0000007c       0x7d Core\Src\spi.o
 .comment       0x0000007c       0x7d Core\Src\stm32f4xx_hal_msp.o
 .comment       0x0000007c       0x7d Core\Src\stm32f4xx_it.o
 .comment       0x0000007c       0x7d Core\Src\syscalls.o
 .comment       0x0000007c       0x7d Core\Src\system_stm32f4xx.o
 .comment       0x0000007c       0x7d Core\Src\tim.o
 .comment       0x0000007c       0x7d Core\Src\usart.o
 .comment       0x0000007c       0x7d Drivers\STM32F4xx_HAL_Driver\Src\stm32f4xx_hal.o
 .comment       0x0000007c       0x7d Drivers\STM32F4xx_HAL_Driver\Src\stm32f4xx_hal_cortex.o
 .comment       0x0000007c       0x7d Drivers\STM32F4xx_HAL_Driver\Src\stm32f4xx_hal_gpio.o
 .comment       0x0000007c       0x7d Drivers\STM32F4xx_HAL_Driver\Src\stm32f4xx_hal_hcd.o
 .comment       0x0000007c       0x7d Drivers\STM32F4xx_HAL_Driver\Src\stm32f4xx_hal_i2c.o
 .comment       0x0000007c       0x7d Drivers\STM32F4xx_HAL_Driver\Src\stm32f4xx_hal_i2s.o
 .comment       0x0000007c       0x7d Drivers\STM32F4xx_HAL_Driver\Src\stm32f4xx_hal_i2s_ex.o
 .comment       0x0000007c       0x7d Drivers\STM32F4xx_HAL_Driver\Src\stm32f4xx_hal_rcc.o
 .comment       0x0000007c       0x7d Drivers\STM32F4xx_HAL_Driver\Src\stm32f4xx_hal_rcc_ex.o
 .comment       0x0000007c       0x7d Drivers\STM32F4xx_HAL_Driver\Src\stm32f4xx_hal_spi.o
 .comment       0x0000007c       0x7d Drivers\STM32F4xx_HAL_Driver\Src\stm32f4xx_hal_tim.o
 .comment       0x0000007c       0x7d Drivers\STM32F4xx_HAL_Driver\Src\stm32f4xx_hal_tim_ex.o
 .comment       0x0000007c       0x7d Drivers\STM32F4xx_HAL_Driver\Src\stm32f4xx_hal_uart.o
 .comment       0x0000007c       0x7d Drivers\STM32F4xx_HAL_Driver\Src\stm32f4xx_ll_usb.o
 .comment       0x0000007c       0x7d Middlewares\ST\STM32_USB_Host_Library\Class\CDC\Src\usbh_cdc.o
 .comment       0x0000007c       0x7d Middlewares\ST\STM32_USB_Host_Library\Core\Src\usbh_core.o
 .comment       0x0000007c       0x7d Middlewares\ST\STM32_USB_Host_Library\Core\Src\usbh_ctlreq.o
 .comment       0x0000007c       0x7d Middlewares\ST\STM32_USB_Host_Library\Core\Src\usbh_ioreq.o
 .comment       0x0000007c       0x7d Middlewares\ST\STM32_USB_Host_Library\Core\Src\usbh_pipes.o
 .comment       0x0000007c       0x7d USB_HOST\App\usb_host.o
 .comment       0x0000007c       0x7d USB_HOST\Target\usbh_conf.o
 .comment       0x0000007c       0x7d USB_HOST\Target\usbh_platform.o

.debug_frame    0x00000000     0x6c78
 .debug_frame   0x00000000       0x34 Core\Src\gpio.o
 .debug_frame   0x00000034       0x74 Core\Src\i2c.o
 .debug_frame   0x000000a8       0x74 Core\Src\i2s.o
 .debug_frame   0x0000011c       0xe8 Core\Src\main.o
 .debug_frame   0x00000204       0x74 Core\Src\spi.o
 .debug_frame   0x00000278       0x34 Core\Src\stm32f4xx_hal_msp.o
 .debug_frame   0x000002ac      0x128 Core\Src\stm32f4xx_it.o
 .debug_frame   0x000003d4      0x2d4 Core\Src\syscalls.o
 .debug_frame   0x000006a8       0x58 Core\Src\system_stm32f4xx.o
 .debug_frame   0x00000700       0xa8 Core\Src\tim.o
 .debug_frame   0x000007a8       0x74 Core\Src\usart.o
 .debug_frame   0x0000081c      0x374 Drivers\STM32F4xx_HAL_Driver\Src\stm32f4xx_hal.o
 .debug_frame   0x00000b90      0x498 Drivers\STM32F4xx_HAL_Driver\Src\stm32f4xx_hal_cortex.o
 .debug_frame   0x00001028      0x14c Drivers\STM32F4xx_HAL_Driver\Src\stm32f4xx_hal_gpio.o
 .debug_frame   0x00001174      0x44c Drivers\STM32F4xx_HAL_Driver\Src\stm32f4xx_hal_hcd.o
 .debug_frame   0x000015c0      0xc5c Drivers\STM32F4xx_HAL_Driver\Src\stm32f4xx_hal_i2c.o
 .debug_frame   0x0000221c      0x484 Drivers\STM32F4xx_HAL_Driver\Src\stm32f4xx_hal_i2s.o
 .debug_frame   0x000026a0      0x220 Drivers\STM32F4xx_HAL_Driver\Src\stm32f4xx_hal_i2s_ex.o
 .debug_frame   0x000028c0      0x1f8 Drivers\STM32F4xx_HAL_Driver\Src\stm32f4xx_hal_rcc.o
 .debug_frame   0x00002ab8       0xf0 Drivers\STM32F4xx_HAL_Driver\Src\stm32f4xx_hal_rcc_ex.o
 .debug_frame   0x00002ba8      0x824 Drivers\STM32F4xx_HAL_Driver\Src\stm32f4xx_hal_spi.o
 .debug_frame   0x000033cc     0x10f0 Drivers\STM32F4xx_HAL_Driver\Src\stm32f4xx_hal_tim.o
 .debug_frame   0x000044bc      0x5c0 Drivers\STM32F4xx_HAL_Driver\Src\stm32f4xx_hal_tim_ex.o
 .debug_frame   0x00004a7c      0x844 Drivers\STM32F4xx_HAL_Driver\Src\stm32f4xx_hal_uart.o
 .debug_frame   0x000052c0      0x798 Drivers\STM32F4xx_HAL_Driver\Src\stm32f4xx_ll_usb.o
 .debug_frame   0x00005a58      0x2c0 Middlewares\ST\STM32_USB_Host_Library\Class\CDC\Src\usbh_cdc.o
 .debug_frame   0x00005d18      0x338 Middlewares\ST\STM32_USB_Host_Library\Core\Src\usbh_core.o
 .debug_frame   0x00006050      0x28c Middlewares\ST\STM32_USB_Host_Library\Core\Src\usbh_ctlreq.o
 .debug_frame   0x000062dc      0x154 Middlewares\ST\STM32_USB_Host_Library\Core\Src\usbh_ioreq.o
 .debug_frame   0x00006430       0xcc Middlewares\ST\STM32_USB_Host_Library\Core\Src\usbh_pipes.o
 .debug_frame   0x000064fc       0x70 USB_HOST\App\usb_host.o
 .debug_frame   0x0000656c      0x388 USB_HOST\Target\usbh_conf.o
 .debug_frame   0x000068f4       0x34 USB_HOST\Target\usbh_platform.o
 .debug_frame   0x00006928       0x20 c:/program files (x86)/atollic/truestudio for stm32 9.3.0/armtools/bin/../lib/gcc/arm-atollic-eabi/6.3.1/../../../../arm-atollic-eabi/lib/armv7e-m/fpu\libc_nano.a(lib_a-errno.o)
 .debug_frame   0x00006948       0x2c c:/program files (x86)/atollic/truestudio for stm32 9.3.0/armtools/bin/../lib/gcc/arm-atollic-eabi/6.3.1/../../../../arm-atollic-eabi/lib/armv7e-m/fpu\libc_nano.a(lib_a-init.o)
 .debug_frame   0x00006974       0x30 c:/program files (x86)/atollic/truestudio for stm32 9.3.0/armtools/bin/../lib/gcc/arm-atollic-eabi/6.3.1/../../../../arm-atollic-eabi/lib/armv7e-m/fpu\libc_nano.a(lib_a-malloc.o)
 .debug_frame   0x000069a4       0x20 c:/program files (x86)/atollic/truestudio for stm32 9.3.0/armtools/bin/../lib/gcc/arm-atollic-eabi/6.3.1/../../../../arm-atollic-eabi/lib/armv7e-m/fpu\libc_nano.a(lib_a-memset.o)
 .debug_frame   0x000069c4       0x38 c:/program files (x86)/atollic/truestudio for stm32 9.3.0/armtools/bin/../lib/gcc/arm-atollic-eabi/6.3.1/../../../../arm-atollic-eabi/lib/armv7e-m/fpu\libc_nano.a(lib_a-nano-freer.o)
 .debug_frame   0x000069fc       0x2c c:/program files (x86)/atollic/truestudio for stm32 9.3.0/armtools/bin/../lib/gcc/arm-atollic-eabi/6.3.1/../../../../arm-atollic-eabi/lib/armv7e-m/fpu\libc_nano.a(lib_a-nano-mallocr.o)
 .debug_frame   0x00006a28       0x2c c:/program files (x86)/atollic/truestudio for stm32 9.3.0/armtools/bin/../lib/gcc/arm-atollic-eabi/6.3.1/../../../../arm-atollic-eabi/lib/armv7e-m/fpu\libc_nano.a(lib_a-sbrkr.o)
 .debug_frame   0x00006a54       0x30 c:/program files (x86)/atollic/truestudio for stm32 9.3.0/armtools/bin/../lib/gcc/arm-atollic-eabi/6.3.1/../../../../arm-atollic-eabi/lib/armv7e-m/fpu\libc_nano.a(lib_a-mlock.o)
 .debug_frame   0x00006a84       0x5c c:/program files (x86)/atollic/truestudio for stm32 9.3.0/armtools/bin/../lib/gcc/arm-atollic-eabi/6.3.1/../../../../arm-atollic-eabi/lib/armv7e-m/fpu\libc_nano.a(lib_a-reent.o)
 .debug_frame   0x00006ae0       0x50 c:/program files (x86)/atollic/truestudio for stm32 9.3.0/armtools/bin/../lib/gcc/arm-atollic-eabi/6.3.1/armv7e-m/fpu\libgcc.a(_arm_muldivdf3.o)
 .debug_frame   0x00006b30       0xc4 c:/program files (x86)/atollic/truestudio for stm32 9.3.0/armtools/bin/../lib/gcc/arm-atollic-eabi/6.3.1/armv7e-m/fpu\libgcc.a(_arm_cmpdf2.o)
 .debug_frame   0x00006bf4       0x24 c:/program files (x86)/atollic/truestudio for stm32 9.3.0/armtools/bin/../lib/gcc/arm-atollic-eabi/6.3.1/armv7e-m/fpu\libgcc.a(_arm_fixdfsi.o)
 .debug_frame   0x00006c18       0x2c c:/program files (x86)/atollic/truestudio for stm32 9.3.0/armtools/bin/../lib/gcc/arm-atollic-eabi/6.3.1/armv7e-m/fpu\libgcc.a(_aeabi_uldivmod.o)
 .debug_frame   0x00006c44       0x34 c:/program files (x86)/atollic/truestudio for stm32 9.3.0/armtools/bin/../lib/gcc/arm-atollic-eabi/6.3.1/armv7e-m/fpu\libgcc.a(_udivmoddi4.o)